Microchip MPLAB XC8 Compiler V2.31

Linker command line:

-W-3 --edf=C:\Program Files\Microchip\xc8\v2.31\pic\dat\en_msgs.txt -cn \
  -h+dist/default/production\pici2c.X.production.sym \
  --cmf=dist/default/production\pici2c.X.production.cmf -z -Q16F887 \
  -oC:\Users\ANGELO~1\AppData\Local\Temp\sb74.3 --defsym=__MPLAB_BUILD=1 \
  -Mdist/default/production/pici2c.X.production.map -E1 -ver=XC8 Compiler \
  --acfsm=1493 -ASTACK=0110h-016Fh -pstack=STACK -ACODE=00h-07FFhx4 \
  -ASTRCODE=00h-01FFFh -ASTRING=00h-0FFhx32 -ACONST=00h-0FFhx32 \
  -AENTRY=00h-0FFhx32 -ACOMMON=070h-07Fh -ABANK0=020h-06Fh \
  -ABANK1=0A0h-0EFh -ABANK2=0110h-016Fh -ABANK3=0190h-01EFh \
  -ARAM=020h-06Fh,0A0h-0EFh,0110h-016Fh,0190h-01EFh \
  -AABS1=020h-07Fh,0A0h-0EFh,0110h-016Fh,0190h-01EFh -ASFR0=00h-01Fh \
  -ASFR1=080h-09Fh -ASFR2=0100h-010Fh -ASFR3=0180h-018Fh \
  -ACONFIG=02007h-02008h -DCONFIG=2 -AIDLOC=02000h-02003h -DIDLOC=2 \
  -AEEDATA=00h-0FFh/02100h -peeprom_data=EEDATA -DEEDATA=2 -DCODE=2 \
  -DSTRCODE=2 -DSTRING=2 -DCONST=2 -DENTRY=2 \
  -preset_vec=00h,intentry=04h,init,end_init -ppowerup=CODE -pcinit=CODE \
  -pfunctab=ENTRY -k C:\Users\ANGELO~1\AppData\Local\Temp\sb74.o \
  dist/default/production\pici2c.X.production.o 

Object code version is 3.11

Machine type is 16F887



                Name                               Link     Load   Length Selector   Space Scale
C:\Users\ANGELO~1\AppData\Local\Temp\sb74.o
                end_init                              E        E        3        8       0
                reset_vec                             0        0        3        0       0
                config                             2007     2007        2        0       4
dist/default/production\pici2c.X.production.o
                cinit                                11       11        E        8       0
                intentry                              4        4        A        8       0
                config                             2007     2007        2        0       4
                text32                             129A     129A       27     2534       0
                text31                             122B     122B        D     2456       0
                text30                             1429     1429       68     2852       0
                text29                             1491     1491       73     2922       0
                text28                             1238     1238        D     2470       0
                text27                             11FB     11FB        9     23F6       0
                text26                             1204     1204        9     2408       0
                text25                             1252     1252       10     24A4       0
                text24                              890      890       BF     1120       0
                text23                             120D     120D        9     241A       0
                text22                             1216     1216        9     242C       0
                text21                              7F7      7F7        9      FEE       0
                text20                             1311     1311       2E     2622       0
                text19                             1262     1262       14     24C4       0
                text18                              D78      D78      288     1AF0       0
                text17                              94F      94F      1DD     129E       0
                text16                             12E8     12E8       29     25D0       0
                text15                               1F       1F      361        8       0
                text14                             15A8     15A8       BC     2B50       0
                text13                              380      380      303        8       0
                text12                             121F     121F        C     243E       0
                text11                             13D2     13D2       57     27A4       0
                text10                             1504     1504       A4     2A08       0
                text9                              1245     1245        D     248A       0
                text8                              1276     1276       24     24EC       0
                text7                               814      814       7C     1028       0
                text6                              137C     137C       56     26F8       0
                text5                              12C1     12C1       27     2582       0
                text4                               800      800       14     1000       0
                text3                               B2C      B2C      24C     1658       0
                text2                               683      683      12F        8       0
                text1                              1664     1664      19C     2CC8       0
                maintext                           133F     133F       3D     267E       0
                cstackBANK0                          20       20       4F       20       1
                cstackCOMMON                         70       70        7       70       1
                cstackBANK1                          CD       CD       21       A0       1
                clrtext                            11F3     11F3        8     23E6       0
                bssBANK1                             A0       A0       2D       A0       1
                bssCOMMON                            77       77        1       70       1
                strings                             7B2      7B2       45      F64       0

TOTAL           Name                               Link     Load   Length     Space
        CLASS   STACK          

        CLASS   CODE           
                end_init                              E        E        3         0
                cinit                                11       11        E         0
                intentry                              4        4        A         0
                reset_vec                             0        0        3         0
                text32                             129A     129A       27         0
                text31                             122B     122B        D         0
                text30                             1429     1429       68         0
                text29                             1491     1491       73         0
                text28                             1238     1238        D         0
                text27                             11FB     11FB        9         0
                text26                             1204     1204        9         0
                text25                             1252     1252       10         0
                text24                              890      890       BF         0
                text23                             120D     120D        9         0
                text22                             1216     1216        9         0
                text21                              7F7      7F7        9         0
                text20                             1311     1311       2E         0
                text19                             1262     1262       14         0
                text18                              D78      D78      288         0
                text17                              94F      94F      1DD         0
                text16                             12E8     12E8       29         0
                text15                               1F       1F      361         0
                text14                             15A8     15A8       BC         0
                text13                              380      380      303         0
                text12                             121F     121F        C         0
                text11                             13D2     13D2       57         0
                text10                             1504     1504       A4         0
                text9                              1245     1245        D         0
                text8                              1276     1276       24         0
                text7                               814      814       7C         0
                text6                              137C     137C       56         0
                text5                              12C1     12C1       27         0
                text4                               800      800       14         0
                text3                               B2C      B2C      24C         0
                text2                               683      683      12F         0
                text1                              1664     1664      19C         0
                maintext                           133F     133F       3D         0
                clrtext                            11F3     11F3        8         0

        CLASS   STRCODE        

        CLASS   STRING         
                strings                             7B2      7B2       45         0

        CLASS   CONST          

        CLASS   ENTRY          

        CLASS   COMMON         
                cstackCOMMON                         70       70        7         1
                bssCOMMON                            77       77        1         1

        CLASS   BANK0          
                cstackBANK0                          20       20       4F         1

        CLASS   BANK1          
                cstackBANK1                          CD       CD       21         1
                bssBANK1                             A0       A0       2D         1

        CLASS   BANK2          

        CLASS   BANK3          

        CLASS   RAM            

        CLASS   ABS1           
                abs_s1                               7E       7E        2         1

        CLASS   SFR0           

        CLASS   SFR1           

        CLASS   SFR2           

        CLASS   SFR3           

        CLASS   CONFIG         
                config                             2007     2007        2         4

        CLASS   IDLOC          

        CLASS   EEDATA         



SEGMENTS        Name                           Load    Length   Top    Selector   Space  Class     Delta

                reset_vec                      000000  000003  000003         0       0  CODE        2
                intentry                       000004  0007AE  0007B2         8       0  CODE        2
                cstackBANK0                    000020  00004F  00006F        20       1  BANK0       1
                cstackCOMMON                   000070  000008  000078        70       1  COMMON      1
                bssBANK1                       0000A0  00004E  0000EE        A0       1  BANK1       1
                strings                        0007B2  000045  0007F7       F64       0  STRING      2
                text21                         0007F7  000009  000800       FEE       0  CODE        2
                text4                          000800  000014  000814      1000       0  CODE        2
                text7                          000814  00007C  000890      1028       0  CODE        2
                text24                         000890  0000BF  00094F      1120       0  CODE        2
                text17                         00094F  0001DD  000B2C      129E       0  CODE        2
                text3                          000B2C  00024C  000D78      1658       0  CODE        2
                text18                         000D78  000288  001000      1AF0       0  CODE        2
                clrtext                        0011F3  000008  0011FB      23E6       0  CODE        2
                text27                         0011FB  000009  001204      23F6       0  CODE        2
                text26                         001204  000009  00120D      2408       0  CODE        2
                text23                         00120D  000009  001216      241A       0  CODE        2
                text22                         001216  000009  00121F      242C       0  CODE        2
                text12                         00121F  00000C  00122B      243E       0  CODE        2
                text31                         00122B  00000D  001238      2456       0  CODE        2
                text28                         001238  00000D  001245      2470       0  CODE        2
                text9                          001245  00000D  001252      248A       0  CODE        2
                text25                         001252  000010  001262      24A4       0  CODE        2
                text19                         001262  000014  001276      24C4       0  CODE        2
                text8                          001276  000024  00129A      24EC       0  CODE        2
                text32                         00129A  000027  0012C1      2534       0  CODE        2
                text5                          0012C1  000027  0012E8      2582       0  CODE        2
                text16                         0012E8  000029  001311      25D0       0  CODE        2
                text20                         001311  00002E  00133F      2622       0  CODE        2
                maintext                       00133F  00003D  00137C      267E       0  CODE        2
                text6                          00137C  000056  0013D2      26F8       0  CODE        2
                text11                         0013D2  000057  001429      27A4       0  CODE        2
                text30                         001429  000068  001491      2852       0  CODE        2
                text29                         001491  000073  001504      2922       0  CODE        2
                text10                         001504  0000A4  0015A8      2A08       0  CODE        2
                text14                         0015A8  0000BC  001664      2B50       0  CODE        2
                text1                          001664  00019C  001800      2CC8       0  CODE        2


UNUSED ADDRESS RANGES

        Name                Unused          Largest block    Delta
        BANK0            006F-006F              1           1
        BANK1            00EE-00EF              2           1
        BANK2            0110-016F             60           1
        BANK3            0190-01EF             60           1
        CODE             0003-0003              1           2
                         1000-11F2            1F3
                         1800-1FFF            800
        COMMON           0078-007D              6           1
        CONST            0003-0003              1           2
                         1000-11F2            100
                         1800-1FFF            100
        EEDATA           2100-21FF            100           2
        ENTRY            0003-0003              1           2
                         1000-11F2            100
                         1800-1FFF            100
        IDLOC            2000-2003              4           2
        RAM              006F-006F              1           1
                         00EE-00EF              2
                         0110-016F             60
                         0190-01EF             60
        SFR0             0000-001F             20           1
        SFR1             0080-009F             20           1
        SFR2             0100-010F             10           1
        SFR3             0180-018F             10           1
        STACK            0110-016F             60           1
        STRCODE          0003-0003              1           2
                         1000-11F2            1F3
                         1800-1FFF            800
        STRING           0003-0003              1           2
                         1000-11F2            100
                         1800-1FFF            100

                                  Symbol Table

?__Umul8_16                        cstackBANK0  0020
?___fladd                          cstackBANK0  0048
?___fldiv                          cstackBANK0  002E
?___flmul                          cstackBANK0  002E
?___flneg                          cstackBANK0  0020
?___flsub                          cstackBANK0  005C
?___fltol                          cstackBANK0  0048
?___lldiv                          cstackBANK0  0020
?___llmod                          cstackBANK0  002D
?___wmul                           cstackBANK0  0020
?___xxtofl                         cstackBANK0  0020
?_sprintf                          cstackBANK0  0037
I2C_Master_Write@data              cstackCOMMON 0076
I2C_Read@ACK_NACK                  cstackBANK0  0020
I2C_Read@Data                      cstackBANK0  0021
I2C_Start@add                      cstackBANK0  0020
UARTInit@BRGH                      cstackBANK0  0031
UARTInit@baud_rate                 cstackBANK0  002D
UARTSendChar@c                     cstackCOMMON 0076
UARTSendString@i                   cstackBANK0  0026
UARTSendString@max_length          cstackBANK0  0022
UARTSendString@str                 cstackBANK0  0020
_ACKDT                             (abs)        048D
_ACKEN                             (abs)        048C
_ACKSTAT                           (abs)        048E
_ANSEL                             (abs)        0188
_BF                                (abs)        04A0
_I2C_ACK                           text22       1216
_I2C_Master_Init                   text31       122B
_I2C_Master_RepeatedStart          text23       120D
_I2C_Master_Start                  text27       11FB
_I2C_Master_Stop                   text26       1204
_I2C_Master_Wait                   text28       1238
_I2C_Master_Write                  text25       1252
_I2C_NACK                          text21       07F7
_I2C_Read                          text20       1311
_I2C_Start                         text19       1262
_PEN                               (abs)        048A
_PIR1bits                          (abs)        000C
_PORTA                             (abs)        0005
_RCEN                              (abs)        048B
_RCREG                             (abs)        001A
_RCSTAbits                         (abs)        0018
_RSEN                              (abs)        0489
_SEN                               (abs)        0488
_SPBRG                             (abs)        0099
_SSPADD                            (abs)        0093
_SSPBUF                            (abs)        0013
_SSPCON                            (abs)        0014
_SSPCON2                           (abs)        0091
_SSPCON2bits                       (abs)        0091
_SSPIF                             (abs)        0063
_SSPSTAT                           (abs)        0094
_TRISA                             (abs)        0085
_TRISC3                            (abs)        043B
_TRISC4                            (abs)        043C
_TRISCbits                         (abs)        0087
_TXREG                             (abs)        0019
_TXSTAbits                         (abs)        0098
_UARTInit                          text29       1491
_UARTSendChar                      text12       121F
_UARTSendString                    text11       13D2
__Habs1                            abs1         0000
__Hbank0                           bank0        0000
__Hbank1                           bank1        0000
__Hbank2                           bank2        0000
__Hbank3                           bank3        0000
__HbssBANK1                        bssBANK1     0000
__HbssCOMMON                       bssCOMMON    0000
__Hcinit                           cinit        001F
__Hclrtext                         clrtext      0000
__Hcode                            code         0000
__Hcommon                          common       0000
__Hconfig                          config       2009
__HcstackBANK0                     cstackBANK0  0000
__HcstackBANK1                     cstackBANK1  0000
__HcstackCOMMON                    cstackCOMMON 0000
__Heeprom_data                     eeprom_data  0000
__Hend_init                        end_init     0011
__Hfunctab                         functab      0000
__Hinit                            init         000E
__Hintentry                        intentry     000E
__Hmaintext                        maintext     0000
__Hpowerup                         powerup      0000
__Hram                             ram          0000
__Hreset_vec                       reset_vec    0003
__Hsfr0                            sfr0         0000
__Hsfr1                            sfr1         0000
__Hsfr2                            sfr2         0000
__Hsfr3                            sfr3         0000
__Hspace_0                         (abs)        1800
__Hspace_1                         (abs)        00EE
__Hspace_2                         (abs)        0000
__Hspace_3                         (abs)        0000
__Hspace_4                         (abs)        4010
__Hstack                           stack        0000
__Hstrings                         strings      0000
__Htext                            text         0000
__Labs1                            abs1         0000
__Lbank0                           bank0        0000
__Lbank1                           bank1        0000
__Lbank2                           bank2        0000
__Lbank3                           bank3        0000
__LbssBANK1                        bssBANK1     0000
__LbssCOMMON                       bssCOMMON    0000
__Lcinit                           cinit        0011
__Lclrtext                         clrtext      0000
__Lcode                            code         0000
__Lcommon                          common       0000
__Lconfig                          config       0000
__LcstackBANK0                     cstackBANK0  0000
__LcstackBANK1                     cstackBANK1  0000
__LcstackCOMMON                    cstackCOMMON 0000
__Leeprom_data                     eeprom_data  0000
__Lend_init                        end_init     000E
__Lfunctab                         functab      0000
__Linit                            init         000E
__Lintentry                        intentry     0004
__Lmaintext                        maintext     0000
__Lpowerup                         powerup      0000
__Lram                             ram          0000
__Lreset_vec                       reset_vec    0000
__Lsfr0                            sfr0         0000
__Lsfr1                            sfr1         0000
__Lsfr2                            sfr2         0000
__Lsfr3                            sfr3         0000
__Lspace_0                         (abs)        0000
__Lspace_1                         (abs)        0000
__Lspace_2                         (abs)        0000
__Lspace_3                         (abs)        0000
__Lspace_4                         (abs)        0000
__Lstack                           stack        0000
__Lstrings                         strings      0000
__Ltext                            text         0000
__S0                               (abs)        1800
__S1                               (abs)        00EE
__S2                               (abs)        0000
__S3                               (abs)        0000
__Umul8_16                         text16       12E8
__Umul8_16@multiplicand            cstackBANK0  0020
__Umul8_16@multiplier              cstackBANK0  0028
__Umul8_16@product                 cstackBANK0  0024
__Umul8_16@word_mpld               cstackBANK0  0026
___fladd                           text18       0D78
___fladd@a                         cstackBANK0  004C
___fladd@aexp                      cstackBANK0  0059
___fladd@b                         cstackBANK0  0048
___fladd@bexp                      cstackBANK0  005A
___fladd@grs                       cstackBANK0  005B
___fladd@signs                     cstackBANK0  0058
___fldiv                           text17       094F
___fldiv@a                         cstackBANK0  002E
___fldiv@aexp                      cstackBANK0  0047
___fldiv@b                         cstackBANK0  0032
___fldiv@bexp                      cstackBANK0  0046
___fldiv@grs                       cstackBANK0  0042
___fldiv@new_exp                   cstackBANK0  0040
___fldiv@rem                       cstackBANK0  003B
___fldiv@sign                      cstackBANK0  003F
___flge                            text10       1504
___flge@ff1                        cstackBANK0  0020
___flge@ff2                        cstackBANK0  0024
___flmul                           text15       001F
___flmul@a                         cstackBANK0  0032
___flmul@aexp                      cstackBANK0  003C
___flmul@b                         cstackBANK0  002E
___flmul@bexp                      cstackBANK0  0041
___flmul@grs                       cstackBANK0  003D
___flmul@prod                      cstackBANK0  0042
___flmul@sign                      cstackBANK0  003B
___flmul@temp                      cstackBANK0  0046
___flneg                           text9        1245
___flneg@f1                        cstackBANK0  0020
___flsub                           text8        1276
___flsub@a                         cstackBANK0  005C
___flsub@b                         cstackBANK0  0060
___fltol                           text7        0814
___fltol@exp1                      cstackBANK0  0052
___fltol@f1                        cstackBANK0  0048
___fltol@sign1                     cstackBANK0  0051
___int_sp                          stack        0000
___latbits                         (abs)        0002
___lldiv                           text30       1429
___lldiv@counter                   cstackBANK0  002C
___lldiv@dividend                  cstackBANK0  0024
___lldiv@divisor                   cstackBANK0  0020
___lldiv@quotient                  cstackBANK0  0028
___llmod                           text6        137C
___llmod@counter                   cstackBANK0  0036
___llmod@dividend                  cstackBANK0  0031
___llmod@divisor                   cstackBANK0  002D
___sp                              stack        0000
___stackhi                         (abs)        0000
___stacklo                         (abs)        0000
___wmul                            text5        12C1
___wmul@multiplicand               cstackBANK0  0022
___wmul@multiplier                 cstackBANK0  0020
___wmul@product                    cstackBANK0  0024
___xxtofl                          text14       15A8
___xxtofl@arg                      cstackBANK0  002A
___xxtofl@exp                      cstackBANK0  0029
___xxtofl@sign                     cstackBANK0  0028
___xxtofl@val                      cstackBANK0  0020
__end_of_I2C_ACK                   text22       121F
__end_of_I2C_Master_Init           text31       1238
__end_of_I2C_Master_RepeatedStart  text23       1216
__end_of_I2C_Master_Start          text27       1204
__end_of_I2C_Master_Stop           text26       120D
__end_of_I2C_Master_Wait           text28       1245
__end_of_I2C_Master_Write          text25       1262
__end_of_I2C_NACK                  text21       0800
__end_of_I2C_Read                  text20       133F
__end_of_I2C_Start                 text19       1276
__end_of_UARTInit                  text29       1504
__end_of_UARTSendChar              text12       122B
__end_of_UARTSendString            text11       1429
__end_of__Umul8_16                 text16       1311
__end_of___fladd                   text18       1000
__end_of___fldiv                   text17       0B2C
__end_of___flge                    text10       15A8
__end_of___flmul                   text15       0380
__end_of___flneg                   text9        1252
__end_of___flsub                   text8        129A
__end_of___fltol                   text7        0890
__end_of___lldiv                   text30       1491
__end_of___llmod                   text6        13D2
__end_of___wmul                    text5        12E8
__end_of___xxtofl                  text14       1664
__end_of__initialization           cinit        001B
__end_of__stringtab                strings      07C2
__end_of_confMPU                   text24       094F
__end_of_dpowers                   strings      07EA
__end_of_ftoa                      text2        07B2
__end_of_isdigit                   text4        0814
__end_of_isr                       text32       12C1
__end_of_main                      maintext     137C
__end_of_readMPU                   text13       0683
__end_of_sendMPU                   text1        1800
__end_of_sprintf                   text3        0D78
__initialization                   cinit        0011
__pbssBANK1                        bssBANK1     00A0
__pbssCOMMON                       bssCOMMON    0077
__pcstackBANK0                     cstackBANK0  0020
__pcstackBANK1                     cstackBANK1  00CD
__pcstackCOMMON                    cstackCOMMON 0070
__pintentry                        intentry     0004
__pmaintext                        maintext     133F
__pstrings                         strings      07B2
__ptext1                           text1        1664
__ptext10                          text10       1504
__ptext11                          text11       13D2
__ptext12                          text12       121F
__ptext13                          text13       0380
__ptext14                          text14       15A8
__ptext15                          text15       001F
__ptext16                          text16       12E8
__ptext17                          text17       094F
__ptext18                          text18       0D78
__ptext19                          text19       1262
__ptext2                           text2        0683
__ptext20                          text20       1311
__ptext21                          text21       07F7
__ptext22                          text22       1216
__ptext23                          text23       120D
__ptext24                          text24       0890
__ptext25                          text25       1252
__ptext26                          text26       1204
__ptext27                          text27       11FB
__ptext28                          text28       1238
__ptext29                          text29       1491
__ptext3                           text3        0B2C
__ptext30                          text30       1429
__ptext31                          text31       122B
__ptext32                          text32       129A
__ptext4                           text4        0800
__ptext5                           text5        12C1
__ptext6                           text6        137C
__ptext7                           text7        0814
__ptext8                           text8        1276
__ptext9                           text9        1245
__size_of_I2C_ACK                  (abs)        0000
__size_of_I2C_Master_Init          (abs)        0000
__size_of_I2C_Master_RepeatedStart (abs)        0000
__size_of_I2C_Master_Start         (abs)        0000
__size_of_I2C_Master_Stop          (abs)        0000
__size_of_I2C_Master_Wait          (abs)        0000
__size_of_I2C_Master_Write         (abs)        0000
__size_of_I2C_NACK                 (abs)        0000
__size_of_I2C_Read                 (abs)        0000
__size_of_I2C_Start                (abs)        0000
__size_of_UARTInit                 (abs)        0000
__size_of_UARTSendChar             (abs)        0000
__size_of_UARTSendString           (abs)        0000
__size_of__Umul8_16                (abs)        0000
__size_of___fladd                  (abs)        0000
__size_of___fldiv                  (abs)        0000
__size_of___flge                   (abs)        0000
__size_of___flmul                  (abs)        0000
__size_of___flneg                  (abs)        0000
__size_of___flsub                  (abs)        0000
__size_of___fltol                  (abs)        0000
__size_of___lldiv                  (abs)        0000
__size_of___llmod                  (abs)        0000
__size_of___wmul                   (abs)        0000
__size_of___xxtofl                 (abs)        0000
__size_of_confMPU                  (abs)        0000
__size_of_ftoa                     (abs)        0000
__size_of_isdigit                  (abs)        0000
__size_of_isr                      (abs)        0000
__size_of_main                     (abs)        0000
__size_of_readMPU                  (abs)        0000
__size_of_sendMPU                  (abs)        0000
__size_of_sprintf                  (abs)        0000
__stringbase                       strings      07C1
__stringtab                        strings      07B2
_banderas                          bssCOMMON    0077
_confMPU                           text24       0890
_datos                             bssBANK1     00A0
_dpowers                           strings      07C2
_ftoa                              text2        0683
_isdigit                           text4        0800
_isdigit$851                       cstackBANK0  0020
_isr                               text32       129A
_main                              maintext     133F
_readMPU                           text13       0380
_sendMPU                           text1        1664
_sprintf                           text3        0B2C
btemp                              (abs)        007E
clear_ram0                         clrtext      11F3
end_of_initialization              cinit        001B
ftoa@buf                           bssBANK1     00BC
ftoa@cp                            cstackBANK1  00D5
ftoa@f                             cstackBANK0  0064
ftoa@l                             cstackBANK1  00D1
ftoa@rem                           cstackBANK1  00CD
ftoa@status                        cstackBANK0  0068
interrupt_function                 intentry     0004
intlevel0                          functab      0000
intlevel1                          functab      0000
intlevel2                          functab      0000
intlevel3                          functab      0000
intlevel4                          functab      0000
intlevel5                          functab      0000
isdigit@c                          cstackBANK0  0021
isr@entrante                       cstackCOMMON 0075
readMPU@datos                      cstackBANK1  00EB
readMPU@guardar                    cstackBANK1  00DB
readMPU@i                          cstackBANK1  00E9
readMPU@valores                    cstackBANK1  00CD
reset_vec                          reset_vec    0000
saved_w                            (abs)        007E
sendMPU@buffer                     cstackBANK0  006E
sendMPU@status                     cstackBANK0  006C
sprintf@ap                         cstackBANK0  0046
sprintf@c                          cstackBANK0  0050
sprintf@f                          cstackBANK0  0037
sprintf@flag                       cstackBANK0  0045
sprintf@prec                       cstackBANK0  004E
sprintf@sp                         cstackBANK0  004B
sprintf@val                        cstackBANK0  0047
sprintf@width                      cstackBANK0  004C
start                              init         000E
start_initialization               cinit        0011
wtemp0                             (abs)        007E


FUNCTION INFORMATION:

 *************** function _main *****************
 Defined at:
		line 42 in file "main.c"
 Parameters:    Size  Location     Type
		None
 Auto vars:     Size  Location     Type
		None
 Return value:  Size  Location     Type
                  1    wreg      void 
 Registers used:
		wreg, fsr0l, fsr0h, status,2, status,0, btemp+1, pclath, cstack
 Tracked objects:
		On entry : 
		On exit  : 
		Unchanged: 
 Data sizes:     COMMON   BANK0   BANK1   BANK3   BANK2
      Params:         0       0       0       0       0
      Locals:         0       0       0       0       0
      Temps:          0       0       2       0       0
      Totals:         0       0       2       0       0
Total ram usage:        2 bytes
 Hardware stack levels required when called:    5
 This function calls:
		_I2C_Master_Init
		_UARTInit
		_confMPU
		_readMPU
		_sendMPU
 This function is called by:
		Startup code after reset
 This function uses a non-reentrant model


 *************** function _sendMPU *****************
 Defined at:
		line 68 in file "main.c"
 Parameters:    Size  Location     Type
		None
 Auto vars:     Size  Location     Type
  status          2   76[BANK0 ] int 
  buffer          1   78[BANK0 ] PTR unsigned char 
		 -> ftoa@buf(17), 
 Return value:  Size  Location     Type
                  1    wreg      void 
 Registers used:
		wreg, fsr0l, fsr0h, status,2, status,0, btemp+1, pclath, cstack
 Tracked objects:
		On entry : 
		On exit  : 
		Unchanged: 
 Data sizes:     COMMON   BANK0   BANK1   BANK3   BANK2
      Params:         0       0       0       0       0
      Locals:         0       3       0       0       0
      Temps:          0       1       0       0       0
      Totals:         0       4       0       0       0
Total ram usage:        4 bytes
 Hardware stack levels used:    1
 Hardware stack levels required when called:    4
 This function calls:
		_UARTSendChar
		_UARTSendString
		_ftoa
 This function is called by:
		_main
 This function uses a non-reentrant model


 *************** function _ftoa *****************
 Defined at:
		line 6 in file "C:\Program Files\Microchip\xc8\v2.31\pic\sources\c90\common\ftoa.c"
 Parameters:    Size  Location     Type
  f               4   68[BANK0 ] float 
  status          2   72[BANK0 ] PTR int 
		 -> RAM(512), 
 Auto vars:     Size  Location     Type
  l               4    4[BANK1 ] unsigned long 
  rem             4    0[BANK1 ] unsigned long 
  cp              1    8[BANK1 ] PTR unsigned char 
		 -> ftoa@buf(17), 
 Return value:  Size  Location     Type
                  1    wreg      PTR unsigned char 
 Registers used:
		wreg, fsr0l, fsr0h, status,2, status,0, btemp+1, pclath, cstack
 Tracked objects:
		On entry : 
		On exit  : 
		Unchanged: 
 Data sizes:     COMMON   BANK0   BANK1   BANK3   BANK2
      Params:         0       6       0       0       0
      Locals:         0       0       9       0       0
      Temps:          0       1       0       0       0
      Totals:         0       7       9       0       0
Total ram usage:       16 bytes
 Hardware stack levels used:    1
 Hardware stack levels required when called:    3
 This function calls:
		___flge
		___flmul
		___flneg
		___flsub
		___fltol
		___xxtofl
		_sprintf
 This function is called by:
		_sendMPU
 This function uses a non-reentrant model


 *************** function _sprintf *****************
 Defined at:
		line 505 in file "C:\Program Files\Microchip\xc8\v2.31\pic\sources\c90\common\doprnt.c"
 Parameters:    Size  Location     Type
  sp              1    wreg     PTR unsigned char 
		 -> ftoa@buf(17), 
  f               1   23[BANK0 ] PTR const unsigned char 
		 -> STR_7(11), 
 Auto vars:     Size  Location     Type
  sp              1   43[BANK0 ] PTR unsigned char 
		 -> ftoa@buf(17), 
  val             4   39[BANK0 ] unsigned long 
  tmpval          4    0        struct .
  prec            2   46[BANK0 ] int 
  width           2   44[BANK0 ] int 
  cp              2    0        PTR const unsigned char 
  len             2    0        unsigned int 
  c               1   48[BANK0 ] unsigned char 
  ap              1   38[BANK0 ] PTR void [1]
		 -> ?_sprintf(2), 
  flag            1   37[BANK0 ] unsigned char 
 Return value:  Size  Location     Type
                  2   23[BANK0 ] int 
 Registers used:
		wreg, fsr0l, fsr0h, status,2, status,0, pclath, cstack
 Tracked objects:
		On entry : 
		On exit  : 
		Unchanged: 
 Data sizes:     COMMON   BANK0   BANK1   BANK3   BANK2
      Params:         0       9       0       0       0
      Locals:         0      12       0       0       0
      Temps:          0       5       0       0       0
      Totals:         0      26       0       0       0
Total ram usage:       26 bytes
 Hardware stack levels used:    1
 Hardware stack levels required when called:    2
 This function calls:
		___lldiv
		___llmod
		___wmul
		_isdigit
 This function is called by:
		_ftoa
 This function uses a non-reentrant model


 *************** function _isdigit *****************
 Defined at:
		line 8 in file "C:\Program Files\Microchip\xc8\v2.31\pic\sources\c90\common\isdigit.c"
 Parameters:    Size  Location     Type
  c               1    wreg     unsigned char 
 Auto vars:     Size  Location     Type
  c               1    1[BANK0 ] unsigned char 
 Return value:  Size  Location     Type
		None               void
 Registers used:
		wreg, status,2, status,0
 Tracked objects:
		On entry : 
		On exit  : 
		Unchanged: 
 Data sizes:     COMMON   BANK0   BANK1   BANK3   BANK2
      Params:         0       0       0       0       0
      Locals:         0       2       0       0       0
      Temps:          0       0       0       0       0
      Totals:         0       2       0       0       0
Total ram usage:        2 bytes
 Hardware stack levels used:    1
 Hardware stack levels required when called:    1
 This function calls:
		Nothing
 This function is called by:
		_sprintf
 This function uses a non-reentrant model


 *************** function ___wmul *****************
 Defined at:
		line 15 in file "C:\Program Files\Microchip\xc8\v2.31\pic\sources\c90\common\Umul16.c"
 Parameters:    Size  Location     Type
  multiplier      2    0[BANK0 ] unsigned int 
  multiplicand    2    2[BANK0 ] unsigned int 
 Auto vars:     Size  Location     Type
  product         2    4[BANK0 ] unsigned int 
 Return value:  Size  Location     Type
                  2    0[BANK0 ] unsigned int 
 Registers used:
		wreg, status,2, status,0
 Tracked objects:
		On entry : 
		On exit  : 
		Unchanged: 
 Data sizes:     COMMON   BANK0   BANK1   BANK3   BANK2
      Params:         0       4       0       0       0
      Locals:         0       2       0       0       0
      Temps:          0       0       0       0       0
      Totals:         0       6       0       0       0
Total ram usage:        6 bytes
 Hardware stack levels used:    1
 Hardware stack levels required when called:    1
 This function calls:
		Nothing
 This function is called by:
		_sprintf
 This function uses a non-reentrant model


 *************** function ___llmod *****************
 Defined at:
		line 5 in file "C:\Program Files\Microchip\xc8\v2.31\pic\sources\c90\common\llmod.c"
 Parameters:    Size  Location     Type
  divisor         4   13[BANK0 ] unsigned long 
  dividend        4   17[BANK0 ] unsigned long 
 Auto vars:     Size  Location     Type
  counter         1   22[BANK0 ] unsigned char 
 Return value:  Size  Location     Type
                  4   13[BANK0 ] unsigned long 
 Registers used:
		wreg, status,2, status,0
 Tracked objects:
		On entry : 
		On exit  : 
		Unchanged: 
 Data sizes:     COMMON   BANK0   BANK1   BANK3   BANK2
      Params:         0       8       0       0       0
      Locals:         0       1       0       0       0
      Temps:          0       1       0       0       0
      Totals:         0      10       0       0       0
Total ram usage:       10 bytes
 Hardware stack levels used:    1
 Hardware stack levels required when called:    1
 This function calls:
		Nothing
 This function is called by:
		_sprintf
 This function uses a non-reentrant model


 *************** function ___fltol *****************
 Defined at:
		line 43 in file "C:\Program Files\Microchip\xc8\v2.31\pic\sources\c90\common\fltol.c"
 Parameters:    Size  Location     Type
  f1              4   40[BANK0 ] unsigned long 
 Auto vars:     Size  Location     Type
  exp1            1   50[BANK0 ] unsigned char 
  sign1           1   49[BANK0 ] unsigned char 
 Return value:  Size  Location     Type
                  4   40[BANK0 ] long 
 Registers used:
		wreg, status,2, status,0
 Tracked objects:
		On entry : 
		On exit  : 
		Unchanged: 
 Data sizes:     COMMON   BANK0   BANK1   BANK3   BANK2
      Params:         0       4       0       0       0
      Locals:         0       2       0       0       0
      Temps:          0       5       0       0       0
      Totals:         0      11       0       0       0
Total ram usage:       11 bytes
 Hardware stack levels used:    1
 Hardware stack levels required when called:    1
 This function calls:
		Nothing
 This function is called by:
		_ftoa
 This function uses a non-reentrant model


 *************** function ___flsub *****************
 Defined at:
		line 242 in file "C:\Program Files\Microchip\xc8\v2.31\pic\sources\c90\common\sprcadd.c"
 Parameters:    Size  Location     Type
  a               4   60[BANK0 ] long 
  b               4   64[BANK0 ] long 
 Auto vars:     Size  Location     Type
		None
 Return value:  Size  Location     Type
                  4   60[BANK0 ] long 
 Registers used:
		wreg, status,2, status,0, btemp+1, pclath, cstack
 Tracked objects:
		On entry : 
		On exit  : 
		Unchanged: 
 Data sizes:     COMMON   BANK0   BANK1   BANK3   BANK2
      Params:         0       8       0       0       0
      Locals:         0       0       0       0       0
      Temps:          0       0       0       0       0
      Totals:         0       8       0       0       0
Total ram usage:        8 bytes
 Hardware stack levels used:    1
 Hardware stack levels required when called:    2
 This function calls:
		___fladd
 This function is called by:
		_ftoa
 This function uses a non-reentrant model


 *************** function ___flneg *****************
 Defined at:
		line 15 in file "C:\Program Files\Microchip\xc8\v2.31\pic\sources\c90\common\flneg.c"
 Parameters:    Size  Location     Type
  f1              4    0[BANK0 ] long 
 Auto vars:     Size  Location     Type
		None
 Return value:  Size  Location     Type
                  4    0[BANK0 ] long 
 Registers used:
		wreg
 Tracked objects:
		On entry : 
		On exit  : 
		Unchanged: 
 Data sizes:     COMMON   BANK0   BANK1   BANK3   BANK2
      Params:         0       4       0       0       0
      Locals:         0       0       0       0       0
      Temps:          0       0       0       0       0
      Totals:         0       4       0       0       0
Total ram usage:        4 bytes
 Hardware stack levels used:    1
 Hardware stack levels required when called:    1
 This function calls:
		Nothing
 This function is called by:
		_ftoa
 This function uses a non-reentrant model


 *************** function ___flge *****************
 Defined at:
		line 4 in file "C:\Program Files\Microchip\xc8\v2.31\pic\sources\c90\common\flge.c"
 Parameters:    Size  Location     Type
  ff1             4    0[BANK0 ] long 
  ff2             4    4[BANK0 ] long 
 Auto vars:     Size  Location     Type
		None
 Return value:  Size  Location     Type
		None               void
 Registers used:
		wreg, status,2, status,0
 Tracked objects:
		On entry : 
		On exit  : 
		Unchanged: 
 Data sizes:     COMMON   BANK0   BANK1   BANK3   BANK2
      Params:         0       8       0       0       0
      Locals:         0       0       0       0       0
      Temps:          0       4       0       0       0
      Totals:         0      12       0       0       0
Total ram usage:       12 bytes
 Hardware stack levels used:    1
 Hardware stack levels required when called:    1
 This function calls:
		Nothing
 This function is called by:
		_ftoa
 This function uses a non-reentrant model


 *************** function _UARTSendString *****************
 Defined at:
		line 49 in file "UART.c"
 Parameters:    Size  Location     Type
  str             2    0[BANK0 ] PTR const unsigned char 
		 -> ftoa@buf(17), STR_6(2), STR_5(2), STR_4(2), 
		 -> STR_3(2), STR_2(2), STR_1(2), 
  max_length      1    2[BANK0 ] const unsigned char 
 Auto vars:     Size  Location     Type
  i               2    6[BANK0 ] int 
 Return value:  Size  Location     Type
                  1    wreg      void 
 Registers used:
		wreg, fsr0l, fsr0h, status,2, status,0, btemp+1, pclath, cstack
 Tracked objects:
		On entry : 
		On exit  : 
		Unchanged: 
 Data sizes:     COMMON   BANK0   BANK1   BANK3   BANK2
      Params:         0       3       0       0       0
      Locals:         0       2       0       0       0
      Temps:          0       3       0       0       0
      Totals:         0       8       0       0       0
Total ram usage:        8 bytes
 Hardware stack levels used:    1
 Hardware stack levels required when called:    2
 This function calls:
		_UARTSendChar
 This function is called by:
		_sendMPU
 This function uses a non-reentrant model


 *************** function _UARTSendChar *****************
 Defined at:
		line 39 in file "UART.c"
 Parameters:    Size  Location     Type
  c               1    wreg     const unsigned char 
 Auto vars:     Size  Location     Type
  c               1    6[COMMON] const unsigned char 
 Return value:  Size  Location     Type
                  1    wreg      void 
 Registers used:
		wreg
 Tracked objects:
		On entry : 
		On exit  : 
		Unchanged: 
 Data sizes:     COMMON   BANK0   BANK1   BANK3   BANK2
      Params:         0       0       0       0       0
      Locals:         1       0       0       0       0
      Temps:          0       0       0       0       0
      Totals:         1       0       0       0       0
Total ram usage:        1 bytes
 Hardware stack levels used:    1
 Hardware stack levels required when called:    1
 This function calls:
		Nothing
 This function is called by:
		_sendMPU
		_UARTSendString
 This function uses a non-reentrant model


 *************** function _readMPU *****************
 Defined at:
		line 28 in file "MPU6050.c"
 Parameters:    Size  Location     Type
  datos           1    wreg     PTR float 
		 -> datos(28), 
 Auto vars:     Size  Location     Type
  datos           1   30[BANK1 ] PTR float 
		 -> datos(28), 
  i               2   28[BANK1 ] int 
  valores        14    0[BANK1 ] unsigned char [14]
  guardar        14   14[BANK1 ] int [7]
 Return value:  Size  Location     Type
                  1    wreg      void 
 Registers used:
		wreg, fsr0l, fsr0h, status,2, status,0, btemp+1, pclath, cstack
 Tracked objects:
		On entry : 
		On exit  : 
		Unchanged: 
 Data sizes:     COMMON   BANK0   BANK1   BANK3   BANK2
      Params:         0       0       0       0       0
      Locals:         0       0      31       0       0
      Temps:          0       4       0       0       0
      Totals:         0       4      31       0       0
Total ram usage:       35 bytes
 Hardware stack levels used:    1
 Hardware stack levels required when called:    4
 This function calls:
		_I2C_Master_RepeatedStart
		_I2C_Master_Stop
		_I2C_Master_Write
		_I2C_Read
		_I2C_Start
		___fladd
		___fldiv
		___flmul
		___xxtofl
 This function is called by:
		_main
 This function uses a non-reentrant model


 *************** function ___xxtofl *****************
 Defined at:
		line 10 in file "C:\Program Files\Microchip\xc8\v2.31\pic\sources\c90\common\xxtofl.c"
 Parameters:    Size  Location     Type
  sign            1    wreg     unsigned char 
  val             4    0[BANK0 ] long 
 Auto vars:     Size  Location     Type
  sign            1    8[BANK0 ] unsigned char 
  arg             4   10[BANK0 ] unsigned long 
  exp             1    9[BANK0 ] unsigned char 
 Return value:  Size  Location     Type
                  4    0[BANK0 ] unsigned char 
 Registers used:
		wreg, status,2, status,0
 Tracked objects:
		On entry : 
		On exit  : 
		Unchanged: 
 Data sizes:     COMMON   BANK0   BANK1   BANK3   BANK2
      Params:         0       4       0       0       0
      Locals:         0       6       0       0       0
      Temps:          0       4       0       0       0
      Totals:         0      14       0       0       0
Total ram usage:       14 bytes
 Hardware stack levels used:    1
 Hardware stack levels required when called:    1
 This function calls:
		Nothing
 This function is called by:
		_readMPU
		_ftoa
 This function uses a non-reentrant model


 *************** function ___flmul *****************
 Defined at:
		line 8 in file "C:\Program Files\Microchip\xc8\v2.31\pic\sources\c90\common\sprcmul.c"
 Parameters:    Size  Location     Type
  b               4   14[BANK0 ] unsigned char 
  a               4   18[BANK0 ] unsigned char 
 Auto vars:     Size  Location     Type
  prod            4   34[BANK0 ] struct .
  grs             4   29[BANK0 ] unsigned long 
  temp            2   38[BANK0 ] struct .
  bexp            1   33[BANK0 ] unsigned char 
  aexp            1   28[BANK0 ] unsigned char 
  sign            1   27[BANK0 ] unsigned char 
 Return value:  Size  Location     Type
                  4   14[BANK0 ] unsigned char 
 Registers used:
		wreg, status,2, status,0, btemp+1, pclath, cstack
 Tracked objects:
		On entry : 
		On exit  : 
		Unchanged: 
 Data sizes:     COMMON   BANK0   BANK1   BANK3   BANK2
      Params:         0       8       0       0       0
      Locals:         0      13       0       0       0
      Temps:          0       5       0       0       0
      Totals:         0      26       0       0       0
Total ram usage:       26 bytes
 Hardware stack levels used:    1
 Hardware stack levels required when called:    2
 This function calls:
		__Umul8_16
 This function is called by:
		_readMPU
		_ftoa
 This function uses a non-reentrant model


 *************** function __Umul8_16 *****************
 Defined at:
		line 4 in file "C:\Program Files\Microchip\xc8\v2.31\pic\sources\c90\common\Umul8_16.c"
 Parameters:    Size  Location     Type
  multiplier      1    wreg     unsigned char 
  multiplicand    1    0[BANK0 ] unsigned char 
 Auto vars:     Size  Location     Type
  multiplier      1    8[BANK0 ] unsigned char 
  word_mpld       2    6[BANK0 ] unsigned int 
  product         2    4[BANK0 ] unsigned int 
 Return value:  Size  Location     Type
                  2    0[BANK0 ] unsigned int 
 Registers used:
		wreg, status,2, status,0
 Tracked objects:
		On entry : 
		On exit  : 
		Unchanged: 
 Data sizes:     COMMON   BANK0   BANK1   BANK3   BANK2
      Params:         0       2       0       0       0
      Locals:         0       5       0       0       0
      Temps:          0       2       0       0       0
      Totals:         0       9       0       0       0
Total ram usage:        9 bytes
 Hardware stack levels used:    1
 Hardware stack levels required when called:    1
 This function calls:
		Nothing
 This function is called by:
		___flmul
 This function uses a non-reentrant model


 *************** function ___fldiv *****************
 Defined at:
		line 8 in file "C:\Program Files\Microchip\xc8\v2.31\pic\sources\c90\common\sprcdiv.c"
 Parameters:    Size  Location     Type
  a               4   14[BANK0 ] unsigned int 
  b               4   18[BANK0 ] unsigned int 
 Auto vars:     Size  Location     Type
  grs             4   34[BANK0 ] unsigned long 
  rem             4   27[BANK0 ] unsigned long 
  new_exp         2   32[BANK0 ] int 
  aexp            1   39[BANK0 ] unsigned char 
  bexp            1   38[BANK0 ] unsigned char 
  sign            1   31[BANK0 ] unsigned char 
 Return value:  Size  Location     Type
                  4   14[BANK0 ] unsigned char 
 Registers used:
		wreg, status,2, status,0, btemp+1
 Tracked objects:
		On entry : 
		On exit  : 
		Unchanged: 
 Data sizes:     COMMON   BANK0   BANK1   BANK3   BANK2
      Params:         0       8       0       0       0
      Locals:         0      13       0       0       0
      Temps:          0       5       0       0       0
      Totals:         0      26       0       0       0
Total ram usage:       26 bytes
 Hardware stack levels used:    1
 Hardware stack levels required when called:    1
 This function calls:
		Nothing
 This function is called by:
		_readMPU
 This function uses a non-reentrant model


 *************** function ___fladd *****************
 Defined at:
		line 10 in file "C:\Program Files\Microchip\xc8\v2.31\pic\sources\c90\common\sprcadd.c"
 Parameters:    Size  Location     Type
  b               4   40[BANK0 ] unsigned char 
  a               4   44[BANK0 ] unsigned char 
 Auto vars:     Size  Location     Type
  grs             1   59[BANK0 ] unsigned char 
  bexp            1   58[BANK0 ] unsigned char 
  aexp            1   57[BANK0 ] unsigned char 
  signs           1   56[BANK0 ] unsigned char 
 Return value:  Size  Location     Type
                  4   40[BANK0 ] unsigned char 
 Registers used:
		wreg, status,2, status,0, btemp+1
 Tracked objects:
		On entry : 
		On exit  : 
		Unchanged: 
 Data sizes:     COMMON   BANK0   BANK1   BANK3   BANK2
      Params:         0       8       0       0       0
      Locals:         0       4       0       0       0
      Temps:          0       8       0       0       0
      Totals:         0      20       0       0       0
Total ram usage:       20 bytes
 Hardware stack levels used:    1
 Hardware stack levels required when called:    1
 This function calls:
		Nothing
 This function is called by:
		_readMPU
		___flsub
 This function uses a non-reentrant model


 *************** function _I2C_Start *****************
 Defined at:
		line 30 in file "I2C.c"
 Parameters:    Size  Location     Type
  add             1    wreg     unsigned char 
 Auto vars:     Size  Location     Type
  add             1    0[BANK0 ] unsigned char 
 Return value:  Size  Location     Type
                  1    wreg      void 
 Registers used:
		wreg, status,2, status,0, pclath, cstack
 Tracked objects:
		On entry : 
		On exit  : 
		Unchanged: 
 Data sizes:     COMMON   BANK0   BANK1   BANK3   BANK2
      Params:         0       0       0       0       0
      Locals:         0       1       0       0       0
      Temps:          0       0       0       0       0
      Totals:         0       1       0       0       0
Total ram usage:        1 bytes
 Hardware stack levels used:    1
 Hardware stack levels required when called:    3
 This function calls:
		_I2C_Master_Wait
		_I2C_Master_Write
 This function is called by:
		_readMPU
 This function uses a non-reentrant model


 *************** function _I2C_Read *****************
 Defined at:
		line 83 in file "I2C.c"
 Parameters:    Size  Location     Type
  ACK_NACK        1    wreg     unsigned char 
 Auto vars:     Size  Location     Type
  ACK_NACK        1    0[BANK0 ] unsigned char 
  Data            1    1[BANK0 ] unsigned char 
 Return value:  Size  Location     Type
                  1    wreg      unsigned char 
 Registers used:
		wreg, status,2, status,0, pclath, cstack
 Tracked objects:
		On entry : 
		On exit  : 
		Unchanged: 
 Data sizes:     COMMON   BANK0   BANK1   BANK3   BANK2
      Params:         0       0       0       0       0
      Locals:         0       2       0       0       0
      Temps:          1       0       0       0       0
      Totals:         1       2       0       0       0
Total ram usage:        3 bytes
 Hardware stack levels used:    1
 Hardware stack levels required when called:    2
 This function calls:
		_I2C_ACK
		_I2C_Master_Wait
		_I2C_NACK
 This function is called by:
		_readMPU
 This function uses a non-reentrant model


 *************** function _I2C_NACK *****************
 Defined at:
		line 56 in file "I2C.c"
 Parameters:    Size  Location     Type
		None
 Auto vars:     Size  Location     Type
		None
 Return value:  Size  Location     Type
                  1    wreg      void 
 Registers used:
		None
 Tracked objects:
		On entry : 
		On exit  : 
		Unchanged: 
 Data sizes:     COMMON   BANK0   BANK1   BANK3   BANK2
      Params:         0       0       0       0       0
      Locals:         0       0       0       0       0
      Temps:          0       0       0       0       0
      Totals:         0       0       0       0       0
Total ram usage:        0 bytes
 Hardware stack levels used:    1
 Hardware stack levels required when called:    1
 This function calls:
		Nothing
 This function is called by:
		_I2C_Read
 This function uses a non-reentrant model


 *************** function _I2C_ACK *****************
 Defined at:
		line 49 in file "I2C.c"
 Parameters:    Size  Location     Type
		None
 Auto vars:     Size  Location     Type
		None
 Return value:  Size  Location     Type
                  1    wreg      void 
 Registers used:
		None
 Tracked objects:
		On entry : 
		On exit  : 
		Unchanged: 
 Data sizes:     COMMON   BANK0   BANK1   BANK3   BANK2
      Params:         0       0       0       0       0
      Locals:         0       0       0       0       0
      Temps:          0       0       0       0       0
      Totals:         0       0       0       0       0
Total ram usage:        0 bytes
 Hardware stack levels used:    1
 Hardware stack levels required when called:    1
 This function calls:
		Nothing
 This function is called by:
		_I2C_Read
 This function uses a non-reentrant model


 *************** function _I2C_Master_RepeatedStart *****************
 Defined at:
		line 37 in file "I2C.c"
 Parameters:    Size  Location     Type
		None
 Auto vars:     Size  Location     Type
		None
 Return value:  Size  Location     Type
                  1    wreg      void 
 Registers used:
		wreg, status,2, status,0, pclath, cstack
 Tracked objects:
		On entry : 
		On exit  : 
		Unchanged: 
 Data sizes:     COMMON   BANK0   BANK1   BANK3   BANK2
      Params:         0       0       0       0       0
      Locals:         0       0       0       0       0
      Temps:          0       0       0       0       0
      Totals:         0       0       0       0       0
Total ram usage:        0 bytes
 Hardware stack levels used:    1
 Hardware stack levels required when called:    2
 This function calls:
		_I2C_Master_Wait
 This function is called by:
		_readMPU
 This function uses a non-reentrant model


 *************** function _confMPU *****************
 Defined at:
		line 63 in file "MPU6050.c"
 Parameters:    Size  Location     Type
		None
 Auto vars:     Size  Location     Type
		None
 Return value:  Size  Location     Type
                  1    wreg      void 
 Registers used:
		wreg, status,2, status,0, pclath, cstack
 Tracked objects:
		On entry : 
		On exit  : 
		Unchanged: 
 Data sizes:     COMMON   BANK0   BANK1   BANK3   BANK2
      Params:         0       0       0       0       0
      Locals:         0       0       0       0       0
      Temps:          0       0       0       0       0
      Totals:         0       0       0       0       0
Total ram usage:        0 bytes
 Hardware stack levels used:    1
 Hardware stack levels required when called:    3
 This function calls:
		_I2C_Master_Start
		_I2C_Master_Stop
		_I2C_Master_Write
 This function is called by:
		_main
 This function uses a non-reentrant model


 *************** function _I2C_Master_Write *****************
 Defined at:
		line 63 in file "I2C.c"
 Parameters:    Size  Location     Type
  data            1    wreg     unsigned char 
 Auto vars:     Size  Location     Type
  data            1    6[COMMON] unsigned char 
 Return value:  Size  Location     Type
                  1    wreg      unsigned char 
 Registers used:
		wreg, status,2, status,0, pclath, cstack
 Tracked objects:
		On entry : 
		On exit  : 
		Unchanged: 
 Data sizes:     COMMON   BANK0   BANK1   BANK3   BANK2
      Params:         0       0       0       0       0
      Locals:         1       0       0       0       0
      Temps:          0       0       0       0       0
      Totals:         1       0       0       0       0
Total ram usage:        1 bytes
 Hardware stack levels used:    1
 Hardware stack levels required when called:    2
 This function calls:
		_I2C_Master_Wait
 This function is called by:
		_I2C_Start
		_readMPU
		_confMPU
 This function uses a non-reentrant model


 *************** function _I2C_Master_Stop *****************
 Defined at:
		line 43 in file "I2C.c"
 Parameters:    Size  Location     Type
		None
 Auto vars:     Size  Location     Type
		None
 Return value:  Size  Location     Type
                  1    wreg      void 
 Registers used:
		wreg, status,2, status,0, pclath, cstack
 Tracked objects:
		On entry : 
		On exit  : 
		Unchanged: 
 Data sizes:     COMMON   BANK0   BANK1   BANK3   BANK2
      Params:         0       0       0       0       0
      Locals:         0       0       0       0       0
      Temps:          0       0       0       0       0
      Totals:         0       0       0       0       0
Total ram usage:        0 bytes
 Hardware stack levels used:    1
 Hardware stack levels required when called:    2
 This function calls:
		_I2C_Master_Wait
 This function is called by:
		_readMPU
		_confMPU
 This function uses a non-reentrant model


 *************** function _I2C_Master_Start *****************
 Defined at:
		line 24 in file "I2C.c"
 Parameters:    Size  Location     Type
		None
 Auto vars:     Size  Location     Type
		None
 Return value:  Size  Location     Type
                  1    wreg      void 
 Registers used:
		wreg, status,2, status,0, pclath, cstack
 Tracked objects:
		On entry : 
		On exit  : 
		Unchanged: 
 Data sizes:     COMMON   BANK0   BANK1   BANK3   BANK2
      Params:         0       0       0       0       0
      Locals:         0       0       0       0       0
      Temps:          0       0       0       0       0
      Totals:         0       0       0       0       0
Total ram usage:        0 bytes
 Hardware stack levels used:    1
 Hardware stack levels required when called:    2
 This function calls:
		_I2C_Master_Wait
 This function is called by:
		_confMPU
 This function uses a non-reentrant model


 *************** function _I2C_Master_Wait *****************
 Defined at:
		line 19 in file "I2C.c"
 Parameters:    Size  Location     Type
		None
 Auto vars:     Size  Location     Type
		None
 Return value:  Size  Location     Type
                  1    wreg      void 
 Registers used:
		wreg, status,2
 Tracked objects:
		On entry : 
		On exit  : 
		Unchanged: 
 Data sizes:     COMMON   BANK0   BANK1   BANK3   BANK2
      Params:         0       0       0       0       0
      Locals:         0       0       0       0       0
      Temps:          0       0       0       0       0
      Totals:         0       0       0       0       0
Total ram usage:        0 bytes
 Hardware stack levels used:    1
 Hardware stack levels required when called:    1
 This function calls:
		Nothing
 This function is called by:
		_I2C_Master_Start
		_I2C_Start
		_I2C_Master_RepeatedStart
		_I2C_Master_Stop
		_I2C_Master_Write
		_I2C_Read
		_I2C_Read_Byte
 This function uses a non-reentrant model


 *************** function _UARTInit *****************
 Defined at:
		line 8 in file "UART.c"
 Parameters:    Size  Location     Type
  baud_rate       4   13[BANK0 ] const unsigned long 
  BRGH            1   17[BANK0 ] const unsigned char 
 Auto vars:     Size  Location     Type
		None
 Return value:  Size  Location     Type
                  1    wreg      void 
 Registers used:
		wreg, status,2, status,0, pclath, cstack
 Tracked objects:
		On entry : 
		On exit  : 
		Unchanged: 
 Data sizes:     COMMON   BANK0   BANK1   BANK3   BANK2
      Params:         0       5       0       0       0
      Locals:         0       0       0       0       0
      Temps:          0       4       0       0       0
      Totals:         0       9       0       0       0
Total ram usage:        9 bytes
 Hardware stack levels used:    1
 Hardware stack levels required when called:    2
 This function calls:
		___lldiv
 This function is called by:
		_main
 This function uses a non-reentrant model


 *************** function ___lldiv *****************
 Defined at:
		line 5 in file "C:\Program Files\Microchip\xc8\v2.31\pic\sources\c90\common\__lldiv.c"
 Parameters:    Size  Location     Type
  divisor         4    0[BANK0 ] unsigned long 
  dividend        4    4[BANK0 ] unsigned long 
 Auto vars:     Size  Location     Type
  quotient        4    8[BANK0 ] unsigned long 
  counter         1   12[BANK0 ] unsigned char 
 Return value:  Size  Location     Type
                  4    0[BANK0 ] unsigned long 
 Registers used:
		wreg, status,2, status,0
 Tracked objects:
		On entry : 
		On exit  : 
		Unchanged: 
 Data sizes:     COMMON   BANK0   BANK1   BANK3   BANK2
      Params:         0       8       0       0       0
      Locals:         0       5       0       0       0
      Temps:          1       0       0       0       0
      Totals:         1      13       0       0       0
Total ram usage:       14 bytes
 Hardware stack levels used:    1
 Hardware stack levels required when called:    1
 This function calls:
		Nothing
 This function is called by:
		_UARTInit
		_sprintf
 This function uses a non-reentrant model


 *************** function _I2C_Master_Init *****************
 Defined at:
		line 9 in file "I2C.c"
 Parameters:    Size  Location     Type
		None
 Auto vars:     Size  Location     Type
		None
 Return value:  Size  Location     Type
                  1    wreg      void 
 Registers used:
		wreg, status,2
 Tracked objects:
		On entry : 
		On exit  : 
		Unchanged: 
 Data sizes:     COMMON   BANK0   BANK1   BANK3   BANK2
      Params:         0       0       0       0       0
      Locals:         0       0       0       0       0
      Temps:          0       0       0       0       0
      Totals:         0       0       0       0       0
Total ram usage:        0 bytes
 Hardware stack levels used:    1
 Hardware stack levels required when called:    1
 This function calls:
		Nothing
 This function is called by:
		_main
 This function uses a non-reentrant model


 *************** function _isr *****************
 Defined at:
		line 100 in file "main.c"
 Parameters:    Size  Location     Type
		None
 Auto vars:     Size  Location     Type
  entrante        1    5[COMMON] unsigned char 
 Return value:  Size  Location     Type
                  1    wreg      void 
 Registers used:
		wreg, fsr0l, fsr0h, status,2, status,0
 Tracked objects:
		On entry : 
		On exit  : 
		Unchanged: 
 Data sizes:     COMMON   BANK0   BANK1   BANK3   BANK2
      Params:         0       0       0       0       0
      Locals:         1       0       0       0       0
      Temps:          5       0       0       0       0
      Totals:         6       0       0       0       0
Total ram usage:        6 bytes
 Hardware stack levels used:    1
 This function calls:
		Nothing
 This function is called by:
		Interrupt level 1
 This function uses a non-reentrant model



MODULE INFORMATION

Module		Function		Class		Link	Load	Size
C:\Program Files\Microchip\xc8\v2.31\pic\sources\c90\common\flneg.c
		___flneg       		CODE           	1245	0000	13

C:\Program Files\Microchip\xc8\v2.31\pic\sources\c90\common\flneg.c estimated size: 13

C:\Program Files\Microchip\xc8\v2.31\pic\sources\c90\common\flge.c
		___flge        		CODE           	1504	0000	164

C:\Program Files\Microchip\xc8\v2.31\pic\sources\c90\common\flge.c estimated size: 164

C:\Program Files\Microchip\xc8\v2.31\pic\sources\c90\common\sprcmul.c
		___flmul       		CODE           	001F	0000	865

C:\Program Files\Microchip\xc8\v2.31\pic\sources\c90\common\sprcmul.c estimated size: 865

C:\Program Files\Microchip\xc8\v2.31\pic\sources\c90\common\ftoa.c
		_ftoa          		CODE           	0683	0000	303

C:\Program Files\Microchip\xc8\v2.31\pic\sources\c90\common\ftoa.c estimated size: 303

C:\Program Files\Microchip\xc8\v2.31\pic\sources\c90\common\__lldiv.c
		___lldiv       		CODE           	1429	0000	104

C:\Program Files\Microchip\xc8\v2.31\pic\sources\c90\common\__lldiv.c estimated size: 104

MPU6050.c
		_confMPU       		CODE           	0890	0000	191
		_readMPU       		CODE           	0380	0000	771

MPU6050.c estimated size: 962

C:\Program Files\Microchip\xc8\v2.31\pic\sources\c90\common\sprcdiv.c
		___fldiv       		CODE           	094F	0000	477

C:\Program Files\Microchip\xc8\v2.31\pic\sources\c90\common\sprcdiv.c estimated size: 477

UART.c
		_UARTSendString		CODE           	13D2	0000	87
		_UARTInit      		CODE           	1491	0000	115
		_UARTSendChar  		CODE           	121F	0000	12

UART.c estimated size: 214

C:\Program Files\Microchip\xc8\v2.31\pic\sources\c90\common\Umul8_16.c
		__Umul8_16     		CODE           	12E8	0000	41

C:\Program Files\Microchip\xc8\v2.31\pic\sources\c90\common\Umul8_16.c estimated size: 41

C:\Program Files\Microchip\xc8\v2.31\pic\sources\c90\common\doprnt.c
		_sprintf       		CODE           	0B2C	0000	588

C:\Program Files\Microchip\xc8\v2.31\pic\sources\c90\common\doprnt.c estimated size: 588

C:\Program Files\Microchip\xc8\v2.31\pic\sources\c90\common\Umul16.c
		___wmul        		CODE           	12C1	0000	39

C:\Program Files\Microchip\xc8\v2.31\pic\sources\c90\common\Umul16.c estimated size: 39

I2C.c
		_I2C_Master_Wait		CODE           	1238	0000	13
		_I2C_Master_Init		CODE           	122B	0000	13
		_I2C_Master_Stop		CODE           	1204	0000	9
		_I2C_Master_RepeatedStart		CODE           	120D	0000	9
		_I2C_Read      		CODE           	1311	0000	46
		_I2C_ACK       		CODE           	1216	0000	9
		_I2C_Master_Write		CODE           	1252	0000	16
		_I2C_NACK      		CODE           	07F7	0000	9
		_I2C_Start     		CODE           	1262	0000	20
		_I2C_Master_Start		CODE           	11FB	0000	9

I2C.c estimated size: 153

C:\Program Files\Microchip\xc8\v2.31\pic\sources\c90\common\llmod.c
		___llmod       		CODE           	137C	0000	86

C:\Program Files\Microchip\xc8\v2.31\pic\sources\c90\common\llmod.c estimated size: 86

C:\Program Files\Microchip\xc8\v2.31\pic\sources\c90\common\isdigit.c
		_isdigit       		CODE           	0800	0000	20

C:\Program Files\Microchip\xc8\v2.31\pic\sources\c90\common\isdigit.c estimated size: 20

C:\Program Files\Microchip\xc8\v2.31\pic\sources\c90\common\sprcadd.c
		___flsub       		CODE           	1276	0000	36
		___fladd       		CODE           	0D78	0000	648

C:\Program Files\Microchip\xc8\v2.31\pic\sources\c90\common\sprcadd.c estimated size: 684

shared
		__stringtab    		STRING         	07B2	0000	16
		_dpowers       		STRING         	07C2	0000	40
		__initialization		CODE           	0011	0000	10

shared estimated size: 66

C:\Program Files\Microchip\xc8\v2.31\pic\sources\c90\common\fltol.c
		___fltol       		CODE           	0814	0000	124

C:\Program Files\Microchip\xc8\v2.31\pic\sources\c90\common\fltol.c estimated size: 124

C:\Program Files\Microchip\xc8\v2.31\pic\sources\c90\common\xxtofl.c
		___xxtofl      		CODE           	15A8	0000	188

C:\Program Files\Microchip\xc8\v2.31\pic\sources\c90\common\xxtofl.c estimated size: 188

main.c
		_sendMPU       		CODE           	1664	0000	412
		_main          		CODE           	133F	0000	61
		_isr           		CODE           	129A	0000	39

main.c estimated size: 512

