Microchip MPLAB XC8 Compiler V2.31

Linker command line:

-W-3 --edf=C:\Program Files\Microchip\xc8\v2.31\pic\dat\en_msgs.txt -cn \
  -h+dist/default/production\pici2c.X.production.sym \
  --cmf=dist/default/production\pici2c.X.production.cmf -z -Q16F887 \
  -oC:\Users\ANGELO~1\AppData\Local\Temp\see4.2 --defsym=__MPLAB_BUILD=1 \
  -Mdist/default/production/pici2c.X.production.map -E1 -ver=XC8 Compiler \
  --acfsm=1493 -ASTACK=0110h-016Fh -pstack=STACK -ACODE=00h-07FFhx4 \
  -ASTRCODE=00h-01FFFh -ASTRING=00h-0FFhx32 -ACONST=00h-0FFhx32 \
  -AENTRY=00h-0FFhx32 -ACOMMON=070h-07Fh -ABANK0=020h-06Fh \
  -ABANK1=0A0h-0EFh -ABANK2=0110h-016Fh -ABANK3=0190h-01EFh \
  -ARAM=020h-06Fh,0A0h-0EFh,0110h-016Fh,0190h-01EFh \
  -AABS1=020h-07Fh,0A0h-0EFh,0110h-016Fh,0190h-01EFh -ASFR0=00h-01Fh \
  -ASFR1=080h-09Fh -ASFR2=0100h-010Fh -ASFR3=0180h-018Fh \
  -ACONFIG=02007h-02008h -DCONFIG=2 -AIDLOC=02000h-02003h -DIDLOC=2 \
  -AEEDATA=00h-0FFh/02100h -peeprom_data=EEDATA -DEEDATA=2 -DCODE=2 \
  -DSTRCODE=2 -DSTRING=2 -DCONST=2 -DENTRY=2 \
  -preset_vec=00h,intentry=04h,init,end_init -ppowerup=CODE -pcinit=CODE \
  -pfunctab=ENTRY -k C:\Users\ANGELO~1\AppData\Local\Temp\see4.o \
  dist/default/production\pici2c.X.production.o 

Object code version is 3.11

Machine type is 16F887



                Name                               Link     Load   Length Selector   Space Scale
C:\Users\ANGELO~1\AppData\Local\Temp\see4.o
                end_init                              C        C        3        8       0
                reset_vec                             0        0        3        0       0
                config                             2007     2007        2        0       4
dist/default/production\pici2c.X.production.o
                cinit                                 F        F        E        8       0
                intentry                              4        4        8        8       0
                config                             2007     2007        2        0       4
                text31                             12ED     12ED       19     25DA       0
                text30                             12B3     12B3        D     2566       0
                text29                             1428     1428       68     2850       0
                text28                             1490     1490       73     2920       0
                text27                             12A7     12A7        C     254E       0
                text26                             13D1     13D1       57     27A2       0
                text25                             12C0     12C0        D     2580       0
                text24                             126F     126F        9     24DE       0
                text23                             1278     1278        9     24F0       0
                text22                             12CD     12CD       10     259A       0
                text21                              72C      72C       BF        8       0
                text20                             157F     157F       A4     2AFE       0
                text19                              802      802       29     1004       0
                text18                               1D       1D      361        8       0
                text17                             129C     129C        B     2538       0
                text16                              D78      D78      288     1AF0       0
                text15                             1306     1306       24     260C       0
                text14                             1503     1503       7C     2A06       0
                text13                              82B      82B       BC     1056       0
                text12                             137B     137B       56     26F6       0
                text11                             132A     132A       25     2654       0
                text10                              7EB      7EB       12        8       0
                text9                               B2C      B2C      24C     1658       0
                text8                               657      657       D5        8       0
                text7                              1281     1281        9     2502       0
                text6                              128A     128A        9     2514       0
                text5                              1293     1293        9     2526       0
                text4                              134F     134F       2C     269E       0
                text3                              12DD     12DD       10     25BA       0
                text2                              1623     1623      1DD     2C46       0
                text1                               37E      37E      2D9        8       0
                maintext                            8E7      8E7      245     11CE       0
                cstackBANK0                          20       20       50       20       1
                cstackCOMMON                         70       70        A       70       1
                cstackBANK1                          A0       A0       20       A0       1
                cstackBANK3                         190      190       1F      190       1
                clrtext                            1267     1267        8     24CE       0
                bssBANK1                             C0       C0       12       A0       1
                bssCOMMON                            7A       7A        1       70       1
                strings                            1000     1000       45     2000       0

TOTAL           Name                               Link     Load   Length     Space
        CLASS   STACK          

        CLASS   CODE           
                end_init                              C        C        3         0
                cinit                                 F        F        E         0
                intentry                              4        4        8         0
                reset_vec                             0        0        3         0
                text31                             12ED     12ED       19         0
                text30                             12B3     12B3        D         0
                text29                             1428     1428       68         0
                text28                             1490     1490       73         0
                text27                             12A7     12A7        C         0
                text26                             13D1     13D1       57         0
                text25                             12C0     12C0        D         0
                text24                             126F     126F        9         0
                text23                             1278     1278        9         0
                text22                             12CD     12CD       10         0
                text21                              72C      72C       BF         0
                text20                             157F     157F       A4         0
                text19                              802      802       29         0
                text18                               1D       1D      361         0
                text17                             129C     129C        B         0
                text16                              D78      D78      288         0
                text15                             1306     1306       24         0
                text14                             1503     1503       7C         0
                text13                              82B      82B       BC         0
                text12                             137B     137B       56         0
                text11                             132A     132A       25         0
                text10                              7EB      7EB       12         0
                text9                               B2C      B2C      24C         0
                text8                               657      657       D5         0
                text7                              1281     1281        9         0
                text6                              128A     128A        9         0
                text5                              1293     1293        9         0
                text4                              134F     134F       2C         0
                text3                              12DD     12DD       10         0
                text2                              1623     1623      1DD         0
                text1                               37E      37E      2D9         0
                maintext                            8E7      8E7      245         0
                clrtext                            1267     1267        8         0

        CLASS   STRCODE        

        CLASS   STRING         
                strings                            1000     1000       45         0

        CLASS   CONST          

        CLASS   ENTRY          

        CLASS   COMMON         
                cstackCOMMON                         70       70        A         1
                bssCOMMON                            7A       7A        1         1

        CLASS   BANK0          
                cstackBANK0                          20       20       50         1

        CLASS   BANK1          
                cstackBANK1                          A0       A0       20         1
                bssBANK1                             C0       C0       12         1

        CLASS   BANK2          

        CLASS   BANK3          
                cstackBANK3                         190      190       1F         1

        CLASS   RAM            

        CLASS   ABS1           
                abs_s1                               7E       7E        2         1

        CLASS   SFR0           

        CLASS   SFR1           

        CLASS   SFR2           

        CLASS   SFR3           

        CLASS   CONFIG         
                config                             2007     2007        2         4

        CLASS   IDLOC          

        CLASS   EEDATA         



SEGMENTS        Name                           Load    Length   Top    Selector   Space  Class     Delta

                reset_vec                      000000  000003  000003         0       0  CODE        2
                intentry                       000004  0007F9  0007FD         8       0  CODE        2
                cstackBANK0                    000020  000050  000070        20       1  BANK0       1
                cstackCOMMON                   000070  00000B  00007B        70       1  COMMON      1
                cstackBANK1                    0000A0  000032  0000D2        A0       1  BANK1       1
                cstackBANK3                    000190  00001F  0001AF       190       1  BANK3       1
                text19                         000802  000029  00082B      1004       0  CODE        2
                text13                         00082B  0000BC  0008E7      1056       0  CODE        2
                maintext                       0008E7  000245  000B2C      11CE       0  CODE        2
                text9                          000B2C  00024C  000D78      1658       0  CODE        2
                text16                         000D78  000288  001000      1AF0       0  CODE        2
                strings                        001000  000045  001045      2000       0  STRING      2
                clrtext                        001267  000008  00126F      24CE       0  CODE        2
                text24                         00126F  000009  001278      24DE       0  CODE        2
                text23                         001278  000009  001281      24F0       0  CODE        2
                text7                          001281  000009  00128A      2502       0  CODE        2
                text6                          00128A  000009  001293      2514       0  CODE        2
                text5                          001293  000009  00129C      2526       0  CODE        2
                text17                         00129C  00000B  0012A7      2538       0  CODE        2
                text27                         0012A7  00000C  0012B3      254E       0  CODE        2
                text30                         0012B3  00000D  0012C0      2566       0  CODE        2
                text25                         0012C0  00000D  0012CD      2580       0  CODE        2
                text22                         0012CD  000010  0012DD      259A       0  CODE        2
                text3                          0012DD  000010  0012ED      25BA       0  CODE        2
                text31                         0012ED  000019  001306      25DA       0  CODE        2
                text15                         001306  000024  00132A      260C       0  CODE        2
                text11                         00132A  000025  00134F      2654       0  CODE        2
                text4                          00134F  00002C  00137B      269E       0  CODE        2
                text12                         00137B  000056  0013D1      26F6       0  CODE        2
                text26                         0013D1  000057  001428      27A2       0  CODE        2
                text29                         001428  000068  001490      2850       0  CODE        2
                text28                         001490  000073  001503      2920       0  CODE        2
                text14                         001503  00007C  00157F      2A06       0  CODE        2
                text20                         00157F  0000A4  001623      2AFE       0  CODE        2
                text2                          001623  0001DD  001800      2C46       0  CODE        2


UNUSED ADDRESS RANGES

        Name                Unused          Largest block    Delta
        BANK1            00D2-00EF             1E           1
        BANK2            0110-016F             60           1
        BANK3            01AF-01EF             41           1
        CODE             0003-0003              1           2
                         07FD-0801              3
                         1045-1266            222
                         1800-1FFF            800
        COMMON           007B-007D              3           1
        CONST            0003-0003              1           2
                         07FD-0801              3
                         1045-1266            100
                         1800-1FFF            100
        EEDATA           2100-21FF            100           2
        ENTRY            0003-0003              1           2
                         07FD-0801              3
                         1045-1266            100
                         1800-1FFF            100
        IDLOC            2000-2003              4           2
        RAM              00D2-00EF             1E           1
                         0110-016F             60
                         01AF-01EF             41
        SFR0             0000-001F             20           1
        SFR1             0080-009F             20           1
        SFR2             0100-010F             10           1
        SFR3             0180-018F             10           1
        STACK            0110-016F             60           1
        STRCODE          0003-0003              1           2
                         07FD-0801              5
                         1045-1266            222
                         1800-1FFF            800
        STRING           0003-0003              1           2
                         07FD-0801              3
                         1045-1266            100
                         1800-1FFF            100

                                  Symbol Table

?__Umul8_16                        cstackCOMMON 0073
?___fladd                          cstackBANK0  0044
?___fldiv                          cstackBANK0  002A
?___flmul                          cstackBANK0  002A
?___flneg                          cstackCOMMON 0073
?___flsub                          cstackBANK0  0058
?___fltol                          cstackBANK0  0044
?___lldiv                          cstackBANK0  0020
?___llmod                          cstackBANK0  0028
?___wmul                           cstackCOMMON 0073
?___xxtofl                         cstackCOMMON 0073
?_sprintf                          cstackBANK0  0031
I2C_Master_Write@data              cstackCOMMON 0073
I2C_Read@ACK_NACK                  cstackCOMMON 0074
I2C_Read@Data                      cstackCOMMON 0075
I2C_Start@add                      cstackCOMMON 0074
UARTInit@BRGH                      cstackBANK0  002C
UARTInit@baud_rate                 cstackBANK0  0028
UARTSendChar@c                     cstackCOMMON 0073
UARTSendString@i                   cstackBANK0  0020
UARTSendString@max_length          cstackCOMMON 0076
UARTSendString@str                 cstackCOMMON 0074
_ACKDT                             (abs)        048D
_ACKEN                             (abs)        048C
_ACKSTAT                           (abs)        048E
_ANSEL                             (abs)        0188
_BF                                (abs)        04A0
_I2C_ACK                           text6        128A
_I2C_Master_Init                   text30       12B3
_I2C_Master_RepeatedStart          text7        1281
_I2C_Master_Start                  text24       126F
_I2C_Master_Stop                   text23       1278
_I2C_Master_Wait                   text25       12C0
_I2C_Master_Write                  text22       12CD
_I2C_NACK                          text5        1293
_I2C_Read                          text4        134F
_I2C_Start                         text3        12DD
_INTCONbits                        (abs)        000B
_PEN                               (abs)        048A
_PIE1bits                          (abs)        008C
_PIR1bits                          (abs)        000C
_PORTA                             (abs)        0005
_RCEN                              (abs)        048B
_RCREG                             (abs)        001A
_RCSTAbits                         (abs)        0018
_RSEN                              (abs)        0489
_SEN                               (abs)        0488
_SPBRG                             (abs)        0099
_SSPADD                            (abs)        0093
_SSPBUF                            (abs)        0013
_SSPCON                            (abs)        0014
_SSPCON2                           (abs)        0091
_SSPCON2bits                       (abs)        0091
_SSPIF                             (abs)        0063
_SSPSTAT                           (abs)        0094
_TRISA                             (abs)        0085
_TRISC3                            (abs)        043B
_TRISC4                            (abs)        043C
_TRISCbits                         (abs)        0087
_TXREG                             (abs)        0019
_TXSTAbits                         (abs)        0098
_UARTInit                          text28       1490
_UARTSendChar                      text27       12A7
_UARTSendString                    text26       13D1
__Habs1                            abs1         0000
__Hbank0                           bank0        0000
__Hbank1                           bank1        0000
__Hbank2                           bank2        0000
__Hbank3                           bank3        0000
__HbssBANK1                        bssBANK1     0000
__HbssCOMMON                       bssCOMMON    0000
__Hcinit                           cinit        001D
__Hclrtext                         clrtext      0000
__Hcode                            code         0000
__Hcommon                          common       0000
__Hconfig                          config       2009
__HcstackBANK0                     cstackBANK0  0000
__HcstackBANK1                     cstackBANK1  0000
__HcstackBANK3                     cstackBANK3  0000
__HcstackCOMMON                    cstackCOMMON 0000
__Heeprom_data                     eeprom_data  0000
__Hend_init                        end_init     000F
__Hfunctab                         functab      0000
__Hinit                            init         000C
__Hintentry                        intentry     000C
__Hmaintext                        maintext     0000
__Hpowerup                         powerup      0000
__Hram                             ram          0000
__Hreset_vec                       reset_vec    0003
__Hsfr0                            sfr0         0000
__Hsfr1                            sfr1         0000
__Hsfr2                            sfr2         0000
__Hsfr3                            sfr3         0000
__Hspace_0                         (abs)        1800
__Hspace_1                         (abs)        01AF
__Hspace_2                         (abs)        0000
__Hspace_3                         (abs)        0000
__Hspace_4                         (abs)        4010
__Hstack                           stack        0000
__Hstrings                         strings      0000
__Htext                            text         0000
__Labs1                            abs1         0000
__Lbank0                           bank0        0000
__Lbank1                           bank1        0000
__Lbank2                           bank2        0000
__Lbank3                           bank3        0000
__LbssBANK1                        bssBANK1     0000
__LbssCOMMON                       bssCOMMON    0000
__Lcinit                           cinit        000F
__Lclrtext                         clrtext      0000
__Lcode                            code         0000
__Lcommon                          common       0000
__Lconfig                          config       0000
__LcstackBANK0                     cstackBANK0  0000
__LcstackBANK1                     cstackBANK1  0000
__LcstackBANK3                     cstackBANK3  0000
__LcstackCOMMON                    cstackCOMMON 0000
__Leeprom_data                     eeprom_data  0000
__Lend_init                        end_init     000C
__Lfunctab                         functab      0000
__Linit                            init         000C
__Lintentry                        intentry     0004
__Lmaintext                        maintext     0000
__Lpowerup                         powerup      0000
__Lram                             ram          0000
__Lreset_vec                       reset_vec    0000
__Lsfr0                            sfr0         0000
__Lsfr1                            sfr1         0000
__Lsfr2                            sfr2         0000
__Lsfr3                            sfr3         0000
__Lspace_0                         (abs)        0000
__Lspace_1                         (abs)        0000
__Lspace_2                         (abs)        0000
__Lspace_3                         (abs)        0000
__Lspace_4                         (abs)        0000
__Lstack                           stack        0000
__Lstrings                         strings      0000
__Ltext                            text         0000
__S0                               (abs)        1800
__S1                               (abs)        01AF
__S2                               (abs)        0000
__S3                               (abs)        0000
__Umul8_16                         text19       0802
__Umul8_16@multiplicand            cstackCOMMON 0073
__Umul8_16@multiplier              cstackBANK0  0024
__Umul8_16@product                 cstackBANK0  0020
__Umul8_16@word_mpld               cstackBANK0  0022
___fladd                           text16       0D78
___fladd@a                         cstackBANK0  0048
___fladd@aexp                      cstackBANK0  0055
___fladd@b                         cstackBANK0  0044
___fladd@bexp                      cstackBANK0  0056
___fladd@grs                       cstackBANK0  0057
___fladd@signs                     cstackBANK0  0054
___fldiv                           text2        1623
___fldiv@a                         cstackBANK0  002A
___fldiv@aexp                      cstackBANK0  0043
___fldiv@b                         cstackBANK0  002E
___fldiv@bexp                      cstackBANK0  0042
___fldiv@grs                       cstackBANK0  003E
___fldiv@new_exp                   cstackBANK0  003C
___fldiv@rem                       cstackBANK0  0037
___fldiv@sign                      cstackBANK0  003B
___flge                            text20       157F
___flge@ff1                        cstackBANK0  0020
___flge@ff2                        cstackBANK0  0024
___flmul                           text18       001D
___flmul@a                         cstackBANK0  002E
___flmul@aexp                      cstackBANK0  0038
___flmul@b                         cstackBANK0  002A
___flmul@bexp                      cstackBANK0  003D
___flmul@grs                       cstackBANK0  0039
___flmul@prod                      cstackBANK0  003E
___flmul@sign                      cstackBANK0  0037
___flmul@temp                      cstackBANK0  0042
___flneg                           text17       129C
___flneg@f1                        cstackCOMMON 0073
___flsub                           text15       1306
___flsub@a                         cstackBANK0  0058
___flsub@b                         cstackBANK0  005C
___fltol                           text14       1503
___fltol@exp1                      cstackCOMMON 0078
___fltol@f1                        cstackBANK0  0044
___fltol@sign1                     cstackCOMMON 0077
___int_sp                          stack        0000
___latbits                         (abs)        0002
___lldiv                           text29       1428
___lldiv@counter                   cstackCOMMON 0078
___lldiv@dividend                  cstackBANK0  0024
___lldiv@divisor                   cstackBANK0  0020
___lldiv@quotient                  cstackCOMMON 0074
___llmod                           text12       137B
___llmod@counter                   cstackBANK0  0030
___llmod@dividend                  cstackBANK0  002C
___llmod@divisor                   cstackBANK0  0028
___sp                              stack        0000
___stackhi                         (abs)        0000
___stacklo                         (abs)        0000
___wmul                            text11       132A
___wmul@multiplicand               cstackCOMMON 0075
___wmul@multiplier                 cstackCOMMON 0073
___wmul@product                    cstackCOMMON 0077
___xxtofl                          text13       082B
___xxtofl@arg                      cstackBANK0  0026
___xxtofl@exp                      cstackBANK0  0025
___xxtofl@sign                     cstackBANK0  0024
___xxtofl@val                      cstackCOMMON 0073
__end_of_I2C_ACK                   text6        1293
__end_of_I2C_Master_Init           text30       12C0
__end_of_I2C_Master_RepeatedStart  text7        128A
__end_of_I2C_Master_Start          text24       1278
__end_of_I2C_Master_Stop           text23       1281
__end_of_I2C_Master_Wait           text25       12CD
__end_of_I2C_Master_Write          text22       12DD
__end_of_I2C_NACK                  text5        129C
__end_of_I2C_Read                  text4        137B
__end_of_I2C_Start                 text3        12ED
__end_of_UARTInit                  text28       1503
__end_of_UARTSendChar              text27       12B3
__end_of_UARTSendString            text26       1428
__end_of__Umul8_16                 text19       082B
__end_of___fladd                   text16       1000
__end_of___fldiv                   text2        1800
__end_of___flge                    text20       1623
__end_of___flmul                   text18       037E
__end_of___flneg                   text17       12A7
__end_of___flsub                   text15       132A
__end_of___fltol                   text14       157F
__end_of___lldiv                   text29       1490
__end_of___llmod                   text12       13D1
__end_of___wmul                    text11       134F
__end_of___xxtofl                  text13       08E7
__end_of__initialization           cinit        0019
__end_of__stringtab                strings      1010
__end_of_confMPU                   text21       07EB
__end_of_dpowers                   strings      1038
__end_of_ftoa                      text8        072C
__end_of_isdigit                   text10       07FD
__end_of_isr                       text31       1306
__end_of_main                      maintext     0B2C
__end_of_readMPU                   text1        0657
__end_of_sprintf                   text9        0D78
__initialization                   cinit        000F
__pbssBANK1                        bssBANK1     00C0
__pbssCOMMON                       bssCOMMON    007A
__pcstackBANK0                     cstackBANK0  0020
__pcstackBANK1                     cstackBANK1  00A0
__pcstackBANK3                     cstackBANK3  0190
__pcstackCOMMON                    cstackCOMMON 0070
__pintentry                        intentry     0004
__pmaintext                        maintext     08E7
__pstrings                         strings      1000
__ptext1                           text1        037E
__ptext10                          text10       07EB
__ptext11                          text11       132A
__ptext12                          text12       137B
__ptext13                          text13       082B
__ptext14                          text14       1503
__ptext15                          text15       1306
__ptext16                          text16       0D78
__ptext17                          text17       129C
__ptext18                          text18       001D
__ptext19                          text19       0802
__ptext2                           text2        1623
__ptext20                          text20       157F
__ptext21                          text21       072C
__ptext22                          text22       12CD
__ptext23                          text23       1278
__ptext24                          text24       126F
__ptext25                          text25       12C0
__ptext26                          text26       13D1
__ptext27                          text27       12A7
__ptext28                          text28       1490
__ptext29                          text29       1428
__ptext3                           text3        12DD
__ptext30                          text30       12B3
__ptext31                          text31       12ED
__ptext4                           text4        134F
__ptext5                           text5        1293
__ptext6                           text6        128A
__ptext7                           text7        1281
__ptext8                           text8        0657
__ptext9                           text9        0B2C
__size_of_I2C_ACK                  (abs)        0000
__size_of_I2C_Master_Init          (abs)        0000
__size_of_I2C_Master_RepeatedStart (abs)        0000
__size_of_I2C_Master_Start         (abs)        0000
__size_of_I2C_Master_Stop          (abs)        0000
__size_of_I2C_Master_Wait          (abs)        0000
__size_of_I2C_Master_Write         (abs)        0000
__size_of_I2C_NACK                 (abs)        0000
__size_of_I2C_Read                 (abs)        0000
__size_of_I2C_Start                (abs)        0000
__size_of_UARTInit                 (abs)        0000
__size_of_UARTSendChar             (abs)        0000
__size_of_UARTSendString           (abs)        0000
__size_of__Umul8_16                (abs)        0000
__size_of___fladd                  (abs)        0000
__size_of___fldiv                  (abs)        0000
__size_of___flge                   (abs)        0000
__size_of___flmul                  (abs)        0000
__size_of___flneg                  (abs)        0000
__size_of___flsub                  (abs)        0000
__size_of___fltol                  (abs)        0000
__size_of___lldiv                  (abs)        0000
__size_of___llmod                  (abs)        0000
__size_of___wmul                   (abs)        0000
__size_of___xxtofl                 (abs)        0000
__size_of_confMPU                  (abs)        0000
__size_of_ftoa                     (abs)        0000
__size_of_isdigit                  (abs)        0000
__size_of_isr                      (abs)        0000
__size_of_main                     (abs)        0000
__size_of_readMPU                  (abs)        0000
__size_of_sprintf                  (abs)        0000
__stringbase                       strings      100F
__stringtab                        strings      1000
_bandera                           bssBANK1     00C0
_confMPU                           text21       072C
_datoRecibido                      bssCOMMON    007A
_dpowers                           strings      1010
_ftoa                              text8        0657
_isdigit                           text10       07EB
_isdigit$886                       cstackCOMMON 0073
_isr                               text31       12ED
_main                              maintext     08E7
_readMPU                           text1        037E
_sprintf                           text9        0B2C
btemp                              (abs)        007E
clear_ram0                         clrtext      1267
end_of_initialization              cinit        0019
ftoa@buf                           bssBANK1     00C1
ftoa@cp                            cstackBANK0  006F
ftoa@f                             cstackBANK0  0060
ftoa@l                             cstackBANK0  006B
ftoa@rem                           cstackBANK0  0067
ftoa@status                        cstackBANK0  0064
interrupt_function                 intentry     0004
intlevel0                          functab      0000
intlevel1                          functab      0000
intlevel2                          functab      0000
intlevel3                          functab      0000
intlevel4                          functab      0000
intlevel5                          functab      0000
isdigit@c                          cstackCOMMON 0074
main@buffer                        cstackBANK3  01AE
main@datos                         cstackBANK3  0190
main@status                        cstackBANK3  01AC
readMPU@datos                      cstackBANK1  00BE
readMPU@guardar                    cstackBANK1  00AE
readMPU@i                          cstackBANK1  00BC
readMPU@valores                    cstackBANK1  00A0
reset_vec                          reset_vec    0000
saved_w                            (abs)        007E
sprintf@ap                         cstackBANK0  0040
sprintf@c                          cstackBANK0  004A
sprintf@f                          cstackBANK0  0031
sprintf@flag                       cstackBANK0  003F
sprintf@prec                       cstackBANK0  0048
sprintf@sp                         cstackBANK0  0045
sprintf@val                        cstackBANK0  0041
sprintf@width                      cstackBANK0  0046
start                              init         000C
start_initialization               cinit        000F
wtemp0                             (abs)        007E


FUNCTION INFORMATION:

 *************** function _main *****************
 Defined at:
		line 37 in file "main.c"
 Parameters:    Size  Location     Type
		None
 Auto vars:     Size  Location     Type
  datos          28    0[BANK3 ] float [7]
  status          2   28[BANK3 ] int 
  buffer          1   30[BANK3 ] PTR unsigned char 
		 -> ftoa@buf(17), 
  comando         1    0        unsigned char 
 Return value:  Size  Location     Type
                  1    wreg      void 
 Registers used:
		wreg, fsr0l, fsr0h, status,2, status,0, btemp+1, pclath, cstack
 Tracked objects:
		On entry : 
		On exit  : 
		Unchanged: 
 Data sizes:     COMMON   BANK0   BANK1   BANK3   BANK2
      Params:         0       0       0       0       0
      Locals:         0       0       0      31       0
      Temps:          0       0       1       0       0
      Totals:         0       0       1      31       0
Total ram usage:       32 bytes
 Hardware stack levels required when called:    5
 This function calls:
		_I2C_Master_Init
		_UARTInit
		_UARTSendChar
		_UARTSendString
		_confMPU
		_ftoa
		_readMPU
 This function is called by:
		Startup code after reset
 This function uses a non-reentrant model


 *************** function _readMPU *****************
 Defined at:
		line 28 in file "MPU6050.c"
 Parameters:    Size  Location     Type
  datos           1    wreg     PTR float 
		 -> main@datos(28), 
 Auto vars:     Size  Location     Type
  datos           1   30[BANK1 ] PTR float 
		 -> main@datos(28), 
  i               2   28[BANK1 ] int 
  valores        14    0[BANK1 ] unsigned char [14]
  guardar        14   14[BANK1 ] int [7]
 Return value:  Size  Location     Type
                  1    wreg      void 
 Registers used:
		wreg, fsr0l, fsr0h, status,2, status,0, btemp+1, pclath, cstack
 Tracked objects:
		On entry : 
		On exit  : 
		Unchanged: 
 Data sizes:     COMMON   BANK0   BANK1   BANK3   BANK2
      Params:         0       0       0       0       0
      Locals:         0       0      31       0       0
      Temps:          0       4       0       0       0
      Totals:         0       4      31       0       0
Total ram usage:       35 bytes
 Hardware stack levels used:    1
 Hardware stack levels required when called:    4
 This function calls:
		_I2C_Master_RepeatedStart
		_I2C_Master_Stop
		_I2C_Master_Write
		_I2C_Read
		_I2C_Start
		___fladd
		___fldiv
		___flmul
		___xxtofl
 This function is called by:
		_main
 This function uses a non-reentrant model


 *************** function ___fldiv *****************
 Defined at:
		line 8 in file "C:\Program Files\Microchip\xc8\v2.31\pic\sources\c90\common\sprcdiv.c"
 Parameters:    Size  Location     Type
  a               4   10[BANK0 ] void 
  b               4   14[BANK0 ] void 
 Auto vars:     Size  Location     Type
  grs             4   30[BANK0 ] unsigned long 
  rem             4   23[BANK0 ] unsigned long 
  new_exp         2   28[BANK0 ] int 
  aexp            1   35[BANK0 ] unsigned char 
  bexp            1   34[BANK0 ] unsigned char 
  sign            1   27[BANK0 ] unsigned char 
 Return value:  Size  Location     Type
                  4   10[BANK0 ] unsigned char 
 Registers used:
		wreg, status,2, status,0, btemp+1
 Tracked objects:
		On entry : 
		On exit  : 
		Unchanged: 
 Data sizes:     COMMON   BANK0   BANK1   BANK3   BANK2
      Params:         0       8       0       0       0
      Locals:         0      13       0       0       0
      Temps:          0       5       0       0       0
      Totals:         0      26       0       0       0
Total ram usage:       26 bytes
 Hardware stack levels used:    1
 Hardware stack levels required when called:    1
 This function calls:
		Nothing
 This function is called by:
		_readMPU
 This function uses a non-reentrant model


 *************** function _I2C_Start *****************
 Defined at:
		line 30 in file "I2C.c"
 Parameters:    Size  Location     Type
  add             1    wreg     unsigned char 
 Auto vars:     Size  Location     Type
  add             1    4[COMMON] unsigned char 
 Return value:  Size  Location     Type
                  1    wreg      void 
 Registers used:
		wreg, status,2, status,0, pclath, cstack
 Tracked objects:
		On entry : 
		On exit  : 
		Unchanged: 
 Data sizes:     COMMON   BANK0   BANK1   BANK3   BANK2
      Params:         0       0       0       0       0
      Locals:         1       0       0       0       0
      Temps:          0       0       0       0       0
      Totals:         1       0       0       0       0
Total ram usage:        1 bytes
 Hardware stack levels used:    1
 Hardware stack levels required when called:    3
 This function calls:
		_I2C_Master_Wait
		_I2C_Master_Write
 This function is called by:
		_readMPU
 This function uses a non-reentrant model


 *************** function _I2C_Read *****************
 Defined at:
		line 83 in file "I2C.c"
 Parameters:    Size  Location     Type
  ACK_NACK        1    wreg     unsigned char 
 Auto vars:     Size  Location     Type
  ACK_NACK        1    4[COMMON] unsigned char 
  Data            1    5[COMMON] unsigned char 
 Return value:  Size  Location     Type
                  1    wreg      unsigned char 
 Registers used:
		wreg, status,2, status,0, pclath, cstack
 Tracked objects:
		On entry : 
		On exit  : 
		Unchanged: 
 Data sizes:     COMMON   BANK0   BANK1   BANK3   BANK2
      Params:         0       0       0       0       0
      Locals:         2       0       0       0       0
      Temps:          1       0       0       0       0
      Totals:         3       0       0       0       0
Total ram usage:        3 bytes
 Hardware stack levels used:    1
 Hardware stack levels required when called:    2
 This function calls:
		_I2C_ACK
		_I2C_Master_Wait
		_I2C_NACK
 This function is called by:
		_readMPU
 This function uses a non-reentrant model


 *************** function _I2C_NACK *****************
 Defined at:
		line 56 in file "I2C.c"
 Parameters:    Size  Location     Type
		None
 Auto vars:     Size  Location     Type
		None
 Return value:  Size  Location     Type
                  1    wreg      void 
 Registers used:
		None
 Tracked objects:
		On entry : 
		On exit  : 
		Unchanged: 
 Data sizes:     COMMON   BANK0   BANK1   BANK3   BANK2
      Params:         0       0       0       0       0
      Locals:         0       0       0       0       0
      Temps:          0       0       0       0       0
      Totals:         0       0       0       0       0
Total ram usage:        0 bytes
 Hardware stack levels used:    1
 Hardware stack levels required when called:    1
 This function calls:
		Nothing
 This function is called by:
		_I2C_Read
 This function uses a non-reentrant model


 *************** function _I2C_ACK *****************
 Defined at:
		line 49 in file "I2C.c"
 Parameters:    Size  Location     Type
		None
 Auto vars:     Size  Location     Type
		None
 Return value:  Size  Location     Type
                  1    wreg      void 
 Registers used:
		None
 Tracked objects:
		On entry : 
		On exit  : 
		Unchanged: 
 Data sizes:     COMMON   BANK0   BANK1   BANK3   BANK2
      Params:         0       0       0       0       0
      Locals:         0       0       0       0       0
      Temps:          0       0       0       0       0
      Totals:         0       0       0       0       0
Total ram usage:        0 bytes
 Hardware stack levels used:    1
 Hardware stack levels required when called:    1
 This function calls:
		Nothing
 This function is called by:
		_I2C_Read
 This function uses a non-reentrant model


 *************** function _I2C_Master_RepeatedStart *****************
 Defined at:
		line 37 in file "I2C.c"
 Parameters:    Size  Location     Type
		None
 Auto vars:     Size  Location     Type
		None
 Return value:  Size  Location     Type
                  1    wreg      void 
 Registers used:
		wreg, status,2, status,0, pclath, cstack
 Tracked objects:
		On entry : 
		On exit  : 
		Unchanged: 
 Data sizes:     COMMON   BANK0   BANK1   BANK3   BANK2
      Params:         0       0       0       0       0
      Locals:         0       0       0       0       0
      Temps:          0       0       0       0       0
      Totals:         0       0       0       0       0
Total ram usage:        0 bytes
 Hardware stack levels used:    1
 Hardware stack levels required when called:    2
 This function calls:
		_I2C_Master_Wait
 This function is called by:
		_readMPU
 This function uses a non-reentrant model


 *************** function _ftoa *****************
 Defined at:
		line 6 in file "C:\Program Files\Microchip\xc8\v2.31\pic\sources\c90\common\ftoa.c"
 Parameters:    Size  Location     Type
  f               4   64[BANK0 ] float 
  status          2   68[BANK0 ] PTR int 
		 -> RAM(512), 
 Auto vars:     Size  Location     Type
  l               4   75[BANK0 ] unsigned long 
  rem             4   71[BANK0 ] unsigned long 
  cp              1   79[BANK0 ] PTR unsigned char 
		 -> ftoa@buf(17), 
 Return value:  Size  Location     Type
                  1    wreg      PTR unsigned char 
 Registers used:
		wreg, fsr0l, fsr0h, status,2, status,0, btemp+1, pclath, cstack
 Tracked objects:
		On entry : 
		On exit  : 
		Unchanged: 
 Data sizes:     COMMON   BANK0   BANK1   BANK3   BANK2
      Params:         0       6       0       0       0
      Locals:         0       9       0       0       0
      Temps:          0       1       0       0       0
      Totals:         0      16       0       0       0
Total ram usage:       16 bytes
 Hardware stack levels used:    1
 Hardware stack levels required when called:    3
 This function calls:
		___flge
		___flmul
		___flneg
		___flsub
		___fltol
		___xxtofl
		_sprintf
 This function is called by:
		_main
 This function uses a non-reentrant model


 *************** function _sprintf *****************
 Defined at:
		line 505 in file "C:\Program Files\Microchip\xc8\v2.31\pic\sources\c90\common\doprnt.c"
 Parameters:    Size  Location     Type
  sp              1    wreg     PTR unsigned char 
		 -> ftoa@buf(17), 
  f               1   17[BANK0 ] PTR const unsigned char 
		 -> STR_8(11), 
 Auto vars:     Size  Location     Type
  sp              1   37[BANK0 ] PTR unsigned char 
		 -> ftoa@buf(17), 
  val             4   33[BANK0 ] unsigned long 
  tmpval          4    0        struct .
  prec            2   40[BANK0 ] int 
  width           2   38[BANK0 ] int 
  cp              2    0        PTR const unsigned char 
  len             2    0        unsigned int 
  c               1   42[BANK0 ] unsigned char 
  ap              1   32[BANK0 ] PTR void [1]
		 -> ?_sprintf(2), 
  flag            1   31[BANK0 ] unsigned char 
 Return value:  Size  Location     Type
                  2   17[BANK0 ] int 
 Registers used:
		wreg, fsr0l, fsr0h, status,2, status,0, pclath, cstack
 Tracked objects:
		On entry : 
		On exit  : 
		Unchanged: 
 Data sizes:     COMMON   BANK0   BANK1   BANK3   BANK2
      Params:         0       9       0       0       0
      Locals:         0      12       0       0       0
      Temps:          0       5       0       0       0
      Totals:         0      26       0       0       0
Total ram usage:       26 bytes
 Hardware stack levels used:    1
 Hardware stack levels required when called:    2
 This function calls:
		___lldiv
		___llmod
		___wmul
		_isdigit
 This function is called by:
		_ftoa
 This function uses a non-reentrant model


 *************** function _isdigit *****************
 Defined at:
		line 8 in file "C:\Program Files\Microchip\xc8\v2.31\pic\sources\c90\common\isdigit.c"
 Parameters:    Size  Location     Type
  c               1    wreg     unsigned char 
 Auto vars:     Size  Location     Type
  c               1    4[COMMON] unsigned char 
 Return value:  Size  Location     Type
		None               void
 Registers used:
		wreg, status,2, status,0
 Tracked objects:
		On entry : 
		On exit  : 
		Unchanged: 
 Data sizes:     COMMON   BANK0   BANK1   BANK3   BANK2
      Params:         0       0       0       0       0
      Locals:         2       0       0       0       0
      Temps:          0       0       0       0       0
      Totals:         2       0       0       0       0
Total ram usage:        2 bytes
 Hardware stack levels used:    1
 Hardware stack levels required when called:    1
 This function calls:
		Nothing
 This function is called by:
		_sprintf
 This function uses a non-reentrant model


 *************** function ___wmul *****************
 Defined at:
		line 15 in file "C:\Program Files\Microchip\xc8\v2.31\pic\sources\c90\common\Umul16.c"
 Parameters:    Size  Location     Type
  multiplier      2    3[COMMON] unsigned int 
  multiplicand    2    5[COMMON] unsigned int 
 Auto vars:     Size  Location     Type
  product         2    7[COMMON] unsigned int 
 Return value:  Size  Location     Type
                  2    3[COMMON] unsigned int 
 Registers used:
		wreg, status,2, status,0
 Tracked objects:
		On entry : 
		On exit  : 
		Unchanged: 
 Data sizes:     COMMON   BANK0   BANK1   BANK3   BANK2
      Params:         4       0       0       0       0
      Locals:         2       0       0       0       0
      Temps:          0       0       0       0       0
      Totals:         6       0       0       0       0
Total ram usage:        6 bytes
 Hardware stack levels used:    1
 Hardware stack levels required when called:    1
 This function calls:
		Nothing
 This function is called by:
		_sprintf
 This function uses a non-reentrant model


 *************** function ___llmod *****************
 Defined at:
		line 5 in file "C:\Program Files\Microchip\xc8\v2.31\pic\sources\c90\common\llmod.c"
 Parameters:    Size  Location     Type
  divisor         4    8[BANK0 ] unsigned long 
  dividend        4   12[BANK0 ] unsigned long 
 Auto vars:     Size  Location     Type
  counter         1   16[BANK0 ] unsigned char 
 Return value:  Size  Location     Type
                  4    8[BANK0 ] unsigned long 
 Registers used:
		wreg, status,2, status,0
 Tracked objects:
		On entry : 
		On exit  : 
		Unchanged: 
 Data sizes:     COMMON   BANK0   BANK1   BANK3   BANK2
      Params:         0       8       0       0       0
      Locals:         0       1       0       0       0
      Temps:          1       0       0       0       0
      Totals:         1       9       0       0       0
Total ram usage:       10 bytes
 Hardware stack levels used:    1
 Hardware stack levels required when called:    1
 This function calls:
		Nothing
 This function is called by:
		_sprintf
 This function uses a non-reentrant model


 *************** function ___xxtofl *****************
 Defined at:
		line 10 in file "C:\Program Files\Microchip\xc8\v2.31\pic\sources\c90\common\xxtofl.c"
 Parameters:    Size  Location     Type
  sign            1    wreg     unsigned char 
  val             4    3[COMMON] long 
 Auto vars:     Size  Location     Type
  sign            1    4[BANK0 ] unsigned char 
  arg             4    6[BANK0 ] unsigned long 
  exp             1    5[BANK0 ] unsigned char 
 Return value:  Size  Location     Type
                  4    3[COMMON] unsigned char 
 Registers used:
		wreg, status,2, status,0
 Tracked objects:
		On entry : 
		On exit  : 
		Unchanged: 
 Data sizes:     COMMON   BANK0   BANK1   BANK3   BANK2
      Params:         4       0       0       0       0
      Locals:         0       6       0       0       0
      Temps:          0       4       0       0       0
      Totals:         4      10       0       0       0
Total ram usage:       14 bytes
 Hardware stack levels used:    1
 Hardware stack levels required when called:    1
 This function calls:
		Nothing
 This function is called by:
		_readMPU
		_ftoa
 This function uses a non-reentrant model


 *************** function ___fltol *****************
 Defined at:
		line 43 in file "C:\Program Files\Microchip\xc8\v2.31\pic\sources\c90\common\fltol.c"
 Parameters:    Size  Location     Type
  f1              4   36[BANK0 ] unsigned char 
 Auto vars:     Size  Location     Type
  exp1            1    8[COMMON] unsigned char 
  sign1           1    7[COMMON] unsigned char 
 Return value:  Size  Location     Type
                  4   36[BANK0 ] long 
 Registers used:
		wreg, status,2, status,0
 Tracked objects:
		On entry : 
		On exit  : 
		Unchanged: 
 Data sizes:     COMMON   BANK0   BANK1   BANK3   BANK2
      Params:         0       4       0       0       0
      Locals:         2       0       0       0       0
      Temps:          0       5       0       0       0
      Totals:         2       9       0       0       0
Total ram usage:       11 bytes
 Hardware stack levels used:    1
 Hardware stack levels required when called:    1
 This function calls:
		Nothing
 This function is called by:
		_ftoa
 This function uses a non-reentrant model


 *************** function ___flsub *****************
 Defined at:
		line 242 in file "C:\Program Files\Microchip\xc8\v2.31\pic\sources\c90\common\sprcadd.c"
 Parameters:    Size  Location     Type
  a               4   56[BANK0 ] long 
  b               4   60[BANK0 ] long 
 Auto vars:     Size  Location     Type
		None
 Return value:  Size  Location     Type
                  4   56[BANK0 ] long 
 Registers used:
		wreg, status,2, status,0, btemp+1, pclath, cstack
 Tracked objects:
		On entry : 
		On exit  : 
		Unchanged: 
 Data sizes:     COMMON   BANK0   BANK1   BANK3   BANK2
      Params:         0       8       0       0       0
      Locals:         0       0       0       0       0
      Temps:          0       0       0       0       0
      Totals:         0       8       0       0       0
Total ram usage:        8 bytes
 Hardware stack levels used:    1
 Hardware stack levels required when called:    2
 This function calls:
		___fladd
 This function is called by:
		_ftoa
 This function uses a non-reentrant model


 *************** function ___fladd *****************
 Defined at:
		line 10 in file "C:\Program Files\Microchip\xc8\v2.31\pic\sources\c90\common\sprcadd.c"
 Parameters:    Size  Location     Type
  b               4   36[BANK0 ] long 
  a               4   40[BANK0 ] long 
 Auto vars:     Size  Location     Type
  grs             1   55[BANK0 ] unsigned char 
  bexp            1   54[BANK0 ] unsigned char 
  aexp            1   53[BANK0 ] unsigned char 
  signs           1   52[BANK0 ] unsigned char 
 Return value:  Size  Location     Type
                  4   36[BANK0 ] unsigned char 
 Registers used:
		wreg, status,2, status,0, btemp+1
 Tracked objects:
		On entry : 
		On exit  : 
		Unchanged: 
 Data sizes:     COMMON   BANK0   BANK1   BANK3   BANK2
      Params:         0       8       0       0       0
      Locals:         0       4       0       0       0
      Temps:          0       8       0       0       0
      Totals:         0      20       0       0       0
Total ram usage:       20 bytes
 Hardware stack levels used:    1
 Hardware stack levels required when called:    1
 This function calls:
		Nothing
 This function is called by:
		_readMPU
		___flsub
 This function uses a non-reentrant model


 *************** function ___flneg *****************
 Defined at:
		line 15 in file "C:\Program Files\Microchip\xc8\v2.31\pic\sources\c90\common\flneg.c"
 Parameters:    Size  Location     Type
  f1              4    3[COMMON] unsigned char 
 Auto vars:     Size  Location     Type
		None
 Return value:  Size  Location     Type
                  4    3[COMMON] unsigned char 
 Registers used:
		wreg
 Tracked objects:
		On entry : 
		On exit  : 
		Unchanged: 
 Data sizes:     COMMON   BANK0   BANK1   BANK3   BANK2
      Params:         4       0       0       0       0
      Locals:         0       0       0       0       0
      Temps:          0       0       0       0       0
      Totals:         4       0       0       0       0
Total ram usage:        4 bytes
 Hardware stack levels used:    1
 Hardware stack levels required when called:    1
 This function calls:
		Nothing
 This function is called by:
		_ftoa
 This function uses a non-reentrant model


 *************** function ___flmul *****************
 Defined at:
		line 8 in file "C:\Program Files\Microchip\xc8\v2.31\pic\sources\c90\common\sprcmul.c"
 Parameters:    Size  Location     Type
  b               4   10[BANK0 ] unsigned char 
  a               4   14[BANK0 ] unsigned char 
 Auto vars:     Size  Location     Type
  prod            4   30[BANK0 ] struct .
  grs             4   25[BANK0 ] unsigned long 
  temp            2   34[BANK0 ] struct .
  bexp            1   29[BANK0 ] unsigned char 
  aexp            1   24[BANK0 ] unsigned char 
  sign            1   23[BANK0 ] unsigned char 
 Return value:  Size  Location     Type
                  4   10[BANK0 ] unsigned char 
 Registers used:
		wreg, status,2, status,0, btemp+1, pclath, cstack
 Tracked objects:
		On entry : 
		On exit  : 
		Unchanged: 
 Data sizes:     COMMON   BANK0   BANK1   BANK3   BANK2
      Params:         0       8       0       0       0
      Locals:         0      13       0       0       0
      Temps:          0       5       0       0       0
      Totals:         0      26       0       0       0
Total ram usage:       26 bytes
 Hardware stack levels used:    1
 Hardware stack levels required when called:    2
 This function calls:
		__Umul8_16
 This function is called by:
		_readMPU
		_ftoa
 This function uses a non-reentrant model


 *************** function __Umul8_16 *****************
 Defined at:
		line 4 in file "C:\Program Files\Microchip\xc8\v2.31\pic\sources\c90\common\Umul8_16.c"
 Parameters:    Size  Location     Type
  multiplier      1    wreg     unsigned char 
  multiplicand    1    3[COMMON] unsigned char 
 Auto vars:     Size  Location     Type
  multiplier      1    4[BANK0 ] unsigned char 
  word_mpld       2    2[BANK0 ] unsigned int 
  product         2    0[BANK0 ] unsigned int 
 Return value:  Size  Location     Type
                  2    3[COMMON] unsigned int 
 Registers used:
		wreg, status,2, status,0
 Tracked objects:
		On entry : 
		On exit  : 
		Unchanged: 
 Data sizes:     COMMON   BANK0   BANK1   BANK3   BANK2
      Params:         2       0       0       0       0
      Locals:         0       5       0       0       0
      Temps:          2       0       0       0       0
      Totals:         4       5       0       0       0
Total ram usage:        9 bytes
 Hardware stack levels used:    1
 Hardware stack levels required when called:    1
 This function calls:
		Nothing
 This function is called by:
		___flmul
 This function uses a non-reentrant model


 *************** function ___flge *****************
 Defined at:
		line 4 in file "C:\Program Files\Microchip\xc8\v2.31\pic\sources\c90\common\flge.c"
 Parameters:    Size  Location     Type
  ff1             4    0[BANK0 ] unsigned int 
  ff2             4    4[BANK0 ] unsigned int 
 Auto vars:     Size  Location     Type
		None
 Return value:  Size  Location     Type
		None               void
 Registers used:
		wreg, status,2, status,0
 Tracked objects:
		On entry : 
		On exit  : 
		Unchanged: 
 Data sizes:     COMMON   BANK0   BANK1   BANK3   BANK2
      Params:         0       8       0       0       0
      Locals:         0       0       0       0       0
      Temps:          4       0       0       0       0
      Totals:         4       8       0       0       0
Total ram usage:       12 bytes
 Hardware stack levels used:    1
 Hardware stack levels required when called:    1
 This function calls:
		Nothing
 This function is called by:
		_ftoa
 This function uses a non-reentrant model


 *************** function _confMPU *****************
 Defined at:
		line 63 in file "MPU6050.c"
 Parameters:    Size  Location     Type
		None
 Auto vars:     Size  Location     Type
		None
 Return value:  Size  Location     Type
                  1    wreg      void 
 Registers used:
		wreg, status,2, status,0, pclath, cstack
 Tracked objects:
		On entry : 
		On exit  : 
		Unchanged: 
 Data sizes:     COMMON   BANK0   BANK1   BANK3   BANK2
      Params:         0       0       0       0       0
      Locals:         0       0       0       0       0
      Temps:          0       0       0       0       0
      Totals:         0       0       0       0       0
Total ram usage:        0 bytes
 Hardware stack levels used:    1
 Hardware stack levels required when called:    3
 This function calls:
		_I2C_Master_Start
		_I2C_Master_Stop
		_I2C_Master_Write
 This function is called by:
		_main
 This function uses a non-reentrant model


 *************** function _I2C_Master_Write *****************
 Defined at:
		line 63 in file "I2C.c"
 Parameters:    Size  Location     Type
  data            1    wreg     unsigned char 
 Auto vars:     Size  Location     Type
  data            1    3[COMMON] unsigned char 
 Return value:  Size  Location     Type
                  1    wreg      unsigned char 
 Registers used:
		wreg, status,2, status,0, pclath, cstack
 Tracked objects:
		On entry : 
		On exit  : 
		Unchanged: 
 Data sizes:     COMMON   BANK0   BANK1   BANK3   BANK2
      Params:         0       0       0       0       0
      Locals:         1       0       0       0       0
      Temps:          0       0       0       0       0
      Totals:         1       0       0       0       0
Total ram usage:        1 bytes
 Hardware stack levels used:    1
 Hardware stack levels required when called:    2
 This function calls:
		_I2C_Master_Wait
 This function is called by:
		_I2C_Start
		_readMPU
		_confMPU
 This function uses a non-reentrant model


 *************** function _I2C_Master_Stop *****************
 Defined at:
		line 43 in file "I2C.c"
 Parameters:    Size  Location     Type
		None
 Auto vars:     Size  Location     Type
		None
 Return value:  Size  Location     Type
                  1    wreg      void 
 Registers used:
		wreg, status,2, status,0, pclath, cstack
 Tracked objects:
		On entry : 
		On exit  : 
		Unchanged: 
 Data sizes:     COMMON   BANK0   BANK1   BANK3   BANK2
      Params:         0       0       0       0       0
      Locals:         0       0       0       0       0
      Temps:          0       0       0       0       0
      Totals:         0       0       0       0       0
Total ram usage:        0 bytes
 Hardware stack levels used:    1
 Hardware stack levels required when called:    2
 This function calls:
		_I2C_Master_Wait
 This function is called by:
		_readMPU
		_confMPU
 This function uses a non-reentrant model


 *************** function _I2C_Master_Start *****************
 Defined at:
		line 24 in file "I2C.c"
 Parameters:    Size  Location     Type
		None
 Auto vars:     Size  Location     Type
		None
 Return value:  Size  Location     Type
                  1    wreg      void 
 Registers used:
		wreg, status,2, status,0, pclath, cstack
 Tracked objects:
		On entry : 
		On exit  : 
		Unchanged: 
 Data sizes:     COMMON   BANK0   BANK1   BANK3   BANK2
      Params:         0       0       0       0       0
      Locals:         0       0       0       0       0
      Temps:          0       0       0       0       0
      Totals:         0       0       0       0       0
Total ram usage:        0 bytes
 Hardware stack levels used:    1
 Hardware stack levels required when called:    2
 This function calls:
		_I2C_Master_Wait
 This function is called by:
		_confMPU
 This function uses a non-reentrant model


 *************** function _I2C_Master_Wait *****************
 Defined at:
		line 19 in file "I2C.c"
 Parameters:    Size  Location     Type
		None
 Auto vars:     Size  Location     Type
		None
 Return value:  Size  Location     Type
                  1    wreg      void 
 Registers used:
		wreg, status,2
 Tracked objects:
		On entry : 
		On exit  : 
		Unchanged: 
 Data sizes:     COMMON   BANK0   BANK1   BANK3   BANK2
      Params:         0       0       0       0       0
      Locals:         0       0       0       0       0
      Temps:          0       0       0       0       0
      Totals:         0       0       0       0       0
Total ram usage:        0 bytes
 Hardware stack levels used:    1
 Hardware stack levels required when called:    1
 This function calls:
		Nothing
 This function is called by:
		_I2C_Master_Start
		_I2C_Start
		_I2C_Master_RepeatedStart
		_I2C_Master_Stop
		_I2C_Master_Write
		_I2C_Read
		_I2C_Read_Byte
 This function uses a non-reentrant model


 *************** function _UARTSendString *****************
 Defined at:
		line 49 in file "UART.c"
 Parameters:    Size  Location     Type
  str             2    4[COMMON] PTR const unsigned char 
		 -> ftoa@buf(17), STR_7(2), STR_6(2), STR_5(2), 
		 -> STR_4(2), STR_3(2), STR_2(2), STR_1(2), 
  max_length      1    6[COMMON] const unsigned char 
 Auto vars:     Size  Location     Type
  i               2    0[BANK0 ] int 
 Return value:  Size  Location     Type
                  1    wreg      void 
 Registers used:
		wreg, fsr0l, fsr0h, status,2, status,0, btemp+1, pclath, cstack
 Tracked objects:
		On entry : 
		On exit  : 
		Unchanged: 
 Data sizes:     COMMON   BANK0   BANK1   BANK3   BANK2
      Params:         3       0       0       0       0
      Locals:         0       2       0       0       0
      Temps:          3       0       0       0       0
      Totals:         6       2       0       0       0
Total ram usage:        8 bytes
 Hardware stack levels used:    1
 Hardware stack levels required when called:    2
 This function calls:
		_UARTSendChar
 This function is called by:
		_main
 This function uses a non-reentrant model


 *************** function _UARTSendChar *****************
 Defined at:
		line 39 in file "UART.c"
 Parameters:    Size  Location     Type
  c               1    wreg     const unsigned char 
 Auto vars:     Size  Location     Type
  c               1    3[COMMON] const unsigned char 
 Return value:  Size  Location     Type
                  1    wreg      void 
 Registers used:
		wreg
 Tracked objects:
		On entry : 
		On exit  : 
		Unchanged: 
 Data sizes:     COMMON   BANK0   BANK1   BANK3   BANK2
      Params:         0       0       0       0       0
      Locals:         1       0       0       0       0
      Temps:          0       0       0       0       0
      Totals:         1       0       0       0       0
Total ram usage:        1 bytes
 Hardware stack levels used:    1
 Hardware stack levels required when called:    1
 This function calls:
		Nothing
 This function is called by:
		_main
		_UARTSendString
 This function uses a non-reentrant model


 *************** function _UARTInit *****************
 Defined at:
		line 8 in file "UART.c"
 Parameters:    Size  Location     Type
  baud_rate       4    8[BANK0 ] const unsigned long 
  BRGH            1   12[BANK0 ] const unsigned char 
 Auto vars:     Size  Location     Type
		None
 Return value:  Size  Location     Type
                  1    wreg      void 
 Registers used:
		wreg, status,2, status,0, pclath, cstack
 Tracked objects:
		On entry : 
		On exit  : 
		Unchanged: 
 Data sizes:     COMMON   BANK0   BANK1   BANK3   BANK2
      Params:         0       5       0       0       0
      Locals:         0       0       0       0       0
      Temps:          0       4       0       0       0
      Totals:         0       9       0       0       0
Total ram usage:        9 bytes
 Hardware stack levels used:    1
 Hardware stack levels required when called:    2
 This function calls:
		___lldiv
 This function is called by:
		_main
 This function uses a non-reentrant model


 *************** function ___lldiv *****************
 Defined at:
		line 5 in file "C:\Program Files\Microchip\xc8\v2.31\pic\sources\c90\common\__lldiv.c"
 Parameters:    Size  Location     Type
  divisor         4    0[BANK0 ] unsigned long 
  dividend        4    4[BANK0 ] unsigned long 
 Auto vars:     Size  Location     Type
  quotient        4    4[COMMON] unsigned long 
  counter         1    8[COMMON] unsigned char 
 Return value:  Size  Location     Type
                  4    0[BANK0 ] unsigned long 
 Registers used:
		wreg, status,2, status,0
 Tracked objects:
		On entry : 
		On exit  : 
		Unchanged: 
 Data sizes:     COMMON   BANK0   BANK1   BANK3   BANK2
      Params:         0       8       0       0       0
      Locals:         5       0       0       0       0
      Temps:          1       0       0       0       0
      Totals:         6       8       0       0       0
Total ram usage:       14 bytes
 Hardware stack levels used:    1
 Hardware stack levels required when called:    1
 This function calls:
		Nothing
 This function is called by:
		_UARTInit
		_sprintf
 This function uses a non-reentrant model


 *************** function _I2C_Master_Init *****************
 Defined at:
		line 9 in file "I2C.c"
 Parameters:    Size  Location     Type
		None
 Auto vars:     Size  Location     Type
		None
 Return value:  Size  Location     Type
                  1    wreg      void 
 Registers used:
		wreg, status,2
 Tracked objects:
		On entry : 
		On exit  : 
		Unchanged: 
 Data sizes:     COMMON   BANK0   BANK1   BANK3   BANK2
      Params:         0       0       0       0       0
      Locals:         0       0       0       0       0
      Temps:          0       0       0       0       0
      Totals:         0       0       0       0       0
Total ram usage:        0 bytes
 Hardware stack levels used:    1
 Hardware stack levels required when called:    1
 This function calls:
		Nothing
 This function is called by:
		_main
 This function uses a non-reentrant model


 *************** function _isr *****************
 Defined at:
		line 106 in file "main.c"
 Parameters:    Size  Location     Type
		None
 Auto vars:     Size  Location     Type
		None
 Return value:  Size  Location     Type
                  1    wreg      void 
 Registers used:
		wreg, status,2, status,0
 Tracked objects:
		On entry : 
		On exit  : 
		Unchanged: 
 Data sizes:     COMMON   BANK0   BANK1   BANK3   BANK2
      Params:         0       0       0       0       0
      Locals:         0       0       0       0       0
      Temps:          3       0       0       0       0
      Totals:         3       0       0       0       0
Total ram usage:        3 bytes
 Hardware stack levels used:    1
 This function calls:
		Nothing
 This function is called by:
		Interrupt level 1
 This function uses a non-reentrant model



MODULE INFORMATION

Module		Function		Class		Link	Load	Size
C:\Program Files\Microchip\xc8\v2.31\pic\sources\c90\common\flneg.c
		___flneg       		CODE           	129C	0000	11

C:\Program Files\Microchip\xc8\v2.31\pic\sources\c90\common\flneg.c estimated size: 11

C:\Program Files\Microchip\xc8\v2.31\pic\sources\c90\common\flge.c
		___flge        		CODE           	157F	0000	164

C:\Program Files\Microchip\xc8\v2.31\pic\sources\c90\common\flge.c estimated size: 164

C:\Program Files\Microchip\xc8\v2.31\pic\sources\c90\common\sprcmul.c
		___flmul       		CODE           	001D	0000	865

C:\Program Files\Microchip\xc8\v2.31\pic\sources\c90\common\sprcmul.c estimated size: 865

C:\Program Files\Microchip\xc8\v2.31\pic\sources\c90\common\ftoa.c
		_ftoa          		CODE           	0657	0000	213

C:\Program Files\Microchip\xc8\v2.31\pic\sources\c90\common\ftoa.c estimated size: 213

C:\Program Files\Microchip\xc8\v2.31\pic\sources\c90\common\__lldiv.c
		___lldiv       		CODE           	1428	0000	104

C:\Program Files\Microchip\xc8\v2.31\pic\sources\c90\common\__lldiv.c estimated size: 104

MPU6050.c
		_confMPU       		CODE           	072C	0000	191
		_readMPU       		CODE           	037E	0000	729

MPU6050.c estimated size: 920

C:\Program Files\Microchip\xc8\v2.31\pic\sources\c90\common\sprcdiv.c
		___fldiv       		CODE           	1623	0000	477

C:\Program Files\Microchip\xc8\v2.31\pic\sources\c90\common\sprcdiv.c estimated size: 477

UART.c
		_UARTSendString		CODE           	13D1	0000	87
		_UARTInit      		CODE           	1490	0000	115
		_UARTSendChar  		CODE           	12A7	0000	12

UART.c estimated size: 214

C:\Program Files\Microchip\xc8\v2.31\pic\sources\c90\common\Umul8_16.c
		__Umul8_16     		CODE           	0802	0000	41

C:\Program Files\Microchip\xc8\v2.31\pic\sources\c90\common\Umul8_16.c estimated size: 41

C:\Program Files\Microchip\xc8\v2.31\pic\sources\c90\common\doprnt.c
		_sprintf       		CODE           	0B2C	0000	588

C:\Program Files\Microchip\xc8\v2.31\pic\sources\c90\common\doprnt.c estimated size: 588

C:\Program Files\Microchip\xc8\v2.31\pic\sources\c90\common\Umul16.c
		___wmul        		CODE           	132A	0000	37

C:\Program Files\Microchip\xc8\v2.31\pic\sources\c90\common\Umul16.c estimated size: 37

I2C.c
		_I2C_Master_Wait		CODE           	12C0	0000	13
		_I2C_Master_Init		CODE           	12B3	0000	13
		_I2C_Master_Stop		CODE           	1278	0000	9
		_I2C_Master_RepeatedStart		CODE           	1281	0000	9
		_I2C_Read      		CODE           	134F	0000	44
		_I2C_ACK       		CODE           	128A	0000	9
		_I2C_Master_Write		CODE           	12CD	0000	16
		_I2C_NACK      		CODE           	1293	0000	9
		_I2C_Start     		CODE           	12DD	0000	16
		_I2C_Master_Start		CODE           	126F	0000	9

I2C.c estimated size: 147

C:\Program Files\Microchip\xc8\v2.31\pic\sources\c90\common\llmod.c
		___llmod       		CODE           	137B	0000	86

C:\Program Files\Microchip\xc8\v2.31\pic\sources\c90\common\llmod.c estimated size: 86

C:\Program Files\Microchip\xc8\v2.31\pic\sources\c90\common\isdigit.c
		_isdigit       		CODE           	07EB	0000	18

C:\Program Files\Microchip\xc8\v2.31\pic\sources\c90\common\isdigit.c estimated size: 18

C:\Program Files\Microchip\xc8\v2.31\pic\sources\c90\common\sprcadd.c
		___flsub       		CODE           	1306	0000	36
		___fladd       		CODE           	0D78	0000	648

C:\Program Files\Microchip\xc8\v2.31\pic\sources\c90\common\sprcadd.c estimated size: 684

shared
		__stringtab    		STRING         	1000	0000	16
		_dpowers       		STRING         	1010	0000	40
		__initialization		CODE           	000F	0000	10

shared estimated size: 66

C:\Program Files\Microchip\xc8\v2.31\pic\sources\c90\common\fltol.c
		___fltol       		CODE           	1503	0000	124

C:\Program Files\Microchip\xc8\v2.31\pic\sources\c90\common\fltol.c estimated size: 124

C:\Program Files\Microchip\xc8\v2.31\pic\sources\c90\common\xxtofl.c
		___xxtofl      		CODE           	082B	0000	188

C:\Program Files\Microchip\xc8\v2.31\pic\sources\c90\common\xxtofl.c estimated size: 188

main.c
		_main          		CODE           	08E7	0000	581
		_isr           		CODE           	12ED	0000	25

main.c estimated size: 606

